Component: ARM Compiler 5.06 update 2 (build 183) Tool: armlink [4d35b7]

==============================================================================

Section Cross References

    stm32f429i_discovery.o(i.BSP_LED_Init) refers to stm32f4xx_hal_gpio.o(i.HAL_GPIO_Init) for HAL_GPIO_Init
    stm32f429i_discovery.o(i.BSP_LED_Init) refers to stm32f4xx_hal_gpio.o(i.HAL_GPIO_WritePin) for HAL_GPIO_WritePin
    stm32f429i_discovery.o(i.BSP_LED_Init) refers to stm32f429i_discovery.o(.constdata) for .constdata
    stm32f429i_discovery.o(i.BSP_LED_Init) refers to stm32f429i_discovery.o(.data) for .data
    stm32f429i_discovery.o(i.BSP_LED_Off) refers to stm32f4xx_hal_gpio.o(i.HAL_GPIO_WritePin) for HAL_GPIO_WritePin
    stm32f429i_discovery.o(i.BSP_LED_Off) refers to stm32f429i_discovery.o(.constdata) for .constdata
    stm32f429i_discovery.o(i.BSP_LED_Off) refers to stm32f429i_discovery.o(.data) for .data
    stm32f429i_discovery.o(i.BSP_LED_On) refers to stm32f4xx_hal_gpio.o(i.HAL_GPIO_WritePin) for HAL_GPIO_WritePin
    stm32f429i_discovery.o(i.BSP_LED_On) refers to stm32f429i_discovery.o(.constdata) for .constdata
    stm32f429i_discovery.o(i.BSP_LED_On) refers to stm32f429i_discovery.o(.data) for .data
    stm32f429i_discovery.o(i.BSP_LED_Toggle) refers to stm32f4xx_hal_gpio.o(i.HAL_GPIO_TogglePin) for HAL_GPIO_TogglePin
    stm32f429i_discovery.o(i.BSP_LED_Toggle) refers to stm32f429i_discovery.o(.constdata) for .constdata
    stm32f429i_discovery.o(i.BSP_LED_Toggle) refers to stm32f429i_discovery.o(.data) for .data
    stm32f429i_discovery.o(i.BSP_PB_GetState) refers to stm32f4xx_hal_gpio.o(i.HAL_GPIO_ReadPin) for HAL_GPIO_ReadPin
    stm32f429i_discovery.o(i.BSP_PB_GetState) refers to stm32f429i_discovery.o(.constdata) for .constdata
    stm32f429i_discovery.o(i.BSP_PB_GetState) refers to stm32f429i_discovery.o(.data) for .data
    stm32f429i_discovery.o(i.BSP_PB_Init) refers to stm32f4xx_hal_gpio.o(i.HAL_GPIO_Init) for HAL_GPIO_Init
    stm32f429i_discovery.o(i.BSP_PB_Init) refers to stm32f4xx_hal_cortex.o(i.HAL_NVIC_SetPriority) for HAL_NVIC_SetPriority
    stm32f429i_discovery.o(i.BSP_PB_Init) refers to stm32f4xx_hal_cortex.o(i.HAL_NVIC_EnableIRQ) for HAL_NVIC_EnableIRQ
    stm32f429i_discovery.o(i.BSP_PB_Init) refers to stm32f429i_discovery.o(.constdata) for .constdata
    stm32f429i_discovery.o(i.BSP_PB_Init) refers to stm32f429i_discovery.o(.data) for .data
    stm32f429i_discovery.o(i.GYRO_IO_Init) refers to stm32f4xx_hal_gpio.o(i.HAL_GPIO_Init) for HAL_GPIO_Init
    stm32f429i_discovery.o(i.GYRO_IO_Init) refers to stm32f4xx_hal_gpio.o(i.HAL_GPIO_WritePin) for HAL_GPIO_WritePin
    stm32f429i_discovery.o(i.GYRO_IO_Init) refers to stm32f429i_discovery.o(i.SPIx_Init) for SPIx_Init
    stm32f429i_discovery.o(i.GYRO_IO_Read) refers to stm32f4xx_hal_gpio.o(i.HAL_GPIO_WritePin) for HAL_GPIO_WritePin
    stm32f429i_discovery.o(i.GYRO_IO_Read) refers to stm32f4xx_hal_spi.o(i.HAL_SPI_TransmitReceive) for HAL_SPI_TransmitReceive
    stm32f429i_discovery.o(i.GYRO_IO_Read) refers to stm32f4xx_hal_spi.o(i.HAL_SPI_DeInit) for HAL_SPI_DeInit
    stm32f429i_discovery.o(i.GYRO_IO_Read) refers to stm32f429i_discovery.o(i.SPIx_Init) for SPIx_Init
    stm32f429i_discovery.o(i.GYRO_IO_Read) refers to stm32f429i_discovery.o(.data) for .data
    stm32f429i_discovery.o(i.GYRO_IO_Read) refers to stm32f429i_discovery.o(.bss) for .bss
    stm32f429i_discovery.o(i.GYRO_IO_Write) refers to stm32f4xx_hal_gpio.o(i.HAL_GPIO_WritePin) for HAL_GPIO_WritePin
    stm32f429i_discovery.o(i.GYRO_IO_Write) refers to stm32f4xx_hal_spi.o(i.HAL_SPI_TransmitReceive) for HAL_SPI_TransmitReceive
    stm32f429i_discovery.o(i.GYRO_IO_Write) refers to stm32f4xx_hal_spi.o(i.HAL_SPI_DeInit) for HAL_SPI_DeInit
    stm32f429i_discovery.o(i.GYRO_IO_Write) refers to stm32f429i_discovery.o(i.SPIx_Init) for SPIx_Init
    stm32f429i_discovery.o(i.GYRO_IO_Write) refers to stm32f429i_discovery.o(.data) for .data
    stm32f429i_discovery.o(i.GYRO_IO_Write) refers to stm32f429i_discovery.o(.bss) for .bss
    stm32f429i_discovery.o(i.I2Cx_Init) refers to stm32f4xx_hal_i2c.o(i.HAL_I2C_GetState) for HAL_I2C_GetState
    stm32f429i_discovery.o(i.I2Cx_Init) refers to stm32f4xx_hal_gpio.o(i.HAL_GPIO_Init) for HAL_GPIO_Init
    stm32f429i_discovery.o(i.I2Cx_Init) refers to stm32f4xx_hal_cortex.o(i.HAL_NVIC_SetPriority) for HAL_NVIC_SetPriority
    stm32f429i_discovery.o(i.I2Cx_Init) refers to stm32f4xx_hal_cortex.o(i.HAL_NVIC_EnableIRQ) for HAL_NVIC_EnableIRQ
    stm32f429i_discovery.o(i.I2Cx_Init) refers to stm32f4xx_hal_i2c.o(i.HAL_I2C_Init) for HAL_I2C_Init
    stm32f429i_discovery.o(i.I2Cx_Init) refers to stm32f429i_discovery.o(.bss) for .bss
    stm32f429i_discovery.o(i.IOE_Delay) refers to stm32f4xx_hal.o(i.HAL_Delay) for HAL_Delay
    stm32f429i_discovery.o(i.IOE_ITConfig) refers to stm32f4xx_hal_gpio.o(i.HAL_GPIO_Init) for HAL_GPIO_Init
    stm32f429i_discovery.o(i.IOE_ITConfig) refers to stm32f4xx_hal_cortex.o(i.HAL_NVIC_SetPriority) for HAL_NVIC_SetPriority
[...]
    I2C3_EV_IRQHandler                       0x080001db   Thumb Code     0  startup_stm32f429xx.o(.text)
    LTDC_ER_IRQHandler                       0x080001db   Thumb Code     0  startup_stm32f429xx.o(.text)
    OTG_FS_IRQHandler                        0x080001db   Thumb Code     0  startup_stm32f429xx.o(.text)
    OTG_FS_WKUP_IRQHandler                   0x080001db   Thumb Code     0  startup_stm32f429xx.o(.text)
    OTG_HS_EP1_IN_IRQHandler                 0x080001db   Thumb Code     0  startup_stm32f429xx.o(.text)
    OTG_HS_EP1_OUT_IRQHandler                0x080001db   Thumb Code     0  startup_stm32f429xx.o(.text)
    OTG_HS_IRQHandler                        0x080001db   Thumb Code     0  startup_stm32f429xx.o(.text)
    OTG_HS_WKUP_IRQHandler                   0x080001db   Thumb Code     0  startup_stm32f429xx.o(.text)
    PVD_IRQHandler                           0x080001db   Thumb Code     0  startup_stm32f429xx.o(.text)
    RCC_IRQHandler                           0x080001db   Thumb Code     0  startup_stm32f429xx.o(.text)
    RTC_Alarm_IRQHandler                     0x080001db   Thumb Code     0  startup_stm32f429xx.o(.text)
    RTC_WKUP_IRQHandler                      0x080001db   Thumb Code     0  startup_stm32f429xx.o(.text)
    SAI1_IRQHandler                          0x080001db   Thumb Code     0  startup_stm32f429xx.o(.text)
    SDIO_IRQHandler                          0x080001db   Thumb Code     0  startup_stm32f429xx.o(.text)
    SPI1_IRQHandler                          0x080001db   Thumb Code     0  startup_stm32f429xx.o(.text)
    SPI2_IRQHandler                          0x080001db   Thumb Code     0  startup_stm32f429xx.o(.text)
    SPI3_IRQHandler                          0x080001db   Thumb Code     0  startup_stm32f429xx.o(.text)
    SPI4_IRQHandler                          0x080001db   Thumb Code     0  startup_stm32f429xx.o(.text)
    SPI5_IRQHandler                          0x080001db   Thumb Code     0  startup_stm32f429xx.o(.text)
    SPI6_IRQHandler                          0x080001db   Thumb Code     0  startup_stm32f429xx.o(.text)
    TAMP_STAMP_IRQHandler                    0x080001db   Thumb Code     0  startup_stm32f429xx.o(.text)
    TIM1_CC_IRQHandler                       0x080001db   Thumb Code     0  startup_stm32f429xx.o(.text)
    TIM1_TRG_COM_TIM11_IRQHandler            0x080001db   Thumb Code     0  startup_stm32f429xx.o(.text)
    TIM1_UP_TIM10_IRQHandler                 0x080001db   Thumb Code     0  startup_stm32f429xx.o(.text)
    TIM5_IRQHandler                          0x080001db   Thumb Code     0  startup_stm32f429xx.o(.text)
    TIM6_DAC_IRQHandler                      0x080001db   Thumb Code     0  startup_stm32f429xx.o(.text)
    TIM7_IRQHandler                          0x080001db   Thumb Code     0  startup_stm32f429xx.o(.text)
    TIM8_BRK_TIM12_IRQHandler                0x080001db   Thumb Code     0  startup_stm32f429xx.o(.text)
    TIM8_CC_IRQHandler                       0x080001db   Thumb Code     0  startup_stm32f429xx.o(.text)
    TIM8_TRG_COM_TIM14_IRQHandler            0x080001db   Thumb Code     0  startup_stm32f429xx.o(.text)
    TIM8_UP_TIM13_IRQHandler                 0x080001db   Thumb Code     0  startup_stm32f429xx.o(.text)
    UART4_IRQHandler                         0x080001db   Thumb Code     0  startup_stm32f429xx.o(.text)
    UART7_IRQHandler                         0x080001db   Thumb Code     0  startup_stm32f429xx.o(.text)
    UART8_IRQHandler                         0x080001db   Thumb Code     0  startup_stm32f429xx.o(.text)
    USART1_IRQHandler                        0x080001db   Thumb Code     0  startup_stm32f429xx.o(.text)
    USART2_IRQHandler                        0x080001db   Thumb Code     0  startup_stm32f429xx.o(.text)
    USART3_IRQHandler                        0x080001db   Thumb Code     0  startup_stm32f429xx.o(.text)
    USART6_IRQHandler                        0x080001db   Thumb Code     0  startup_stm32f429xx.o(.text)
    WWDG_IRQHandler                          0x080001db   Thumb Code     0  startup_stm32f429xx.o(.text)
    __aeabi_uldivmod                         0x080001e5   Thumb Code    98  uldiv.o(.text)
    ___aeabi_memcpy8$move                    0x08000247   Thumb Code     0  memmovea.o(.text)
    __aeabi_memcpy                           0x08000247   Thumb Code    64  memmovea.o(.text)
    __aeabi_memcpy4                          0x08000247   Thumb Code     0  memmovea.o(.text)
    __aeabi_memmove                          0x08000247   Thumb Code     0  memmovea.o(.text)
    __aeabi_memmove4                         0x08000247   Thumb Code     0  memmovea.o(.text)
    __aeabi_memmove8                         0x08000247   Thumb Code     0  memmovea.o(.text)
    __aeabi_memset                           0x08000287   Thumb Code    14  memseta.o(.text)
    __aeabi_memset4                          0x08000287   Thumb Code     0  memseta.o(.text)
    __aeabi_memset8                          0x08000287   Thumb Code     0  memseta.o(.text)
    __aeabi_memclr                           0x08000295   Thumb Code     4  memseta.o(.text)
    __aeabi_memclr4                          0x08000295   Thumb Code     0  memseta.o(.text)
    __aeabi_memclr8                          0x08000295   Thumb Code     0  memseta.o(.text)
    _memset$wrapper                          0x08000299   Thumb Code    18  memseta.o(.text)
    strstr                                   0x080002ab   Thumb Code    36  strstr.o(.text)
    strchr                                   0x080002cf   Thumb Code    20  strchr.o(.text)
    strlen                                   0x080002e3   Thumb Code    14  strlen.o(.text)
    memcmp                                   0x080002f1   Thumb Code    26  memcmp.o(.text)
    strpbrk                                  0x0800030b   Thumb Code    32  strpbrk.o(.text)
    __aeabi_dadd                             0x0800032b   Thumb Code   322  dadd.o(.text)
    __aeabi_dsub                             0x0800046d   Thumb Code     6  dadd.o(.text)
    __aeabi_drsub                            0x08000473   Thumb Code     6  dadd.o(.text)
    __aeabi_dmul                             0x08000479   Thumb Code   228  dmul.o(.text)
    __aeabi_f2d                              0x0800055d   Thumb Code    38  f2d.o(.text)
    __aeabi_d2f                              0x08000583   Thumb Code    56  d2f.o(.text)
    __aeabi_llsl                             0x080005bb   Thumb Code    30  llshl.o(.text)
    _ll_shift_l                              0x080005bb   Thumb Code     0  llshl.o(.text)
    __aeabi_llsr                             0x080005d9   Thumb Code    32  llushr.o(.text)
    _ll_ushift_r                             0x080005d9   Thumb Code     0  llushr.o(.text)
    __aeabi_lasr                             0x080005f9   Thumb Code    36  llsshr.o(.text)
    _ll_sshift_r                             0x080005f9   Thumb Code     0  llsshr.o(.text)
    __I$use$fp                               0x0800061d   Thumb Code     0  iusefp.o(.text)
    _float_round                             0x0800061d   Thumb Code    18  fepilogue.o(.text)
    _float_epilogue                          0x0800062f   Thumb Code    92  fepilogue.o(.text)
    _double_round                            0x0800068b   Thumb Code    30  depilogue.o(.text)
    _double_epilogue                         0x080006a9   Thumb Code   156  depilogue.o(.text)
    __aeabi_ddiv                             0x08000745   Thumb Code   222  ddiv.o(.text)
    __ARM_scalbn                             0x08000823   Thumb Code    46  dscalb.o(.text)
    scalbn                                   0x08000823   Thumb Code     0  dscalb.o(.text)
    __aeabi_i2d                              0x08000851   Thumb Code    34  dflti.o(.text)
    __aeabi_cdrcmple                         0x08000875   Thumb Code    48  cdrcmple.o(.text)
    __scatterload                            0x080008a5   Thumb Code    28  init.o(.text)
    __scatterload_rt2                        0x080008a5   Thumb Code     0  init.o(.text)
    _dsqrt                                   0x080008c9   Thumb Code   162  dsqrt.o(.text)
    __decompress                             0x0800096b   Thumb Code     0  __dczerorl2.o(.text)
    __decompress1                            0x0800096b   Thumb Code    86  __dczerorl2.o(.text)
    BSP_LED_Init                             0x080009c1   Thumb Code    78  stm32f429i_discovery.o(i.BSP_LED_Init)
    BSP_Pointer_Update                       0x08000a1d   Thumb Code   114  main.o(i.BSP_Pointer_Update)
    BSP_SDRAM_Init                           0x08000a99   Thumb Code   398  stm32f429i_discovery_sdram.o(i.BSP_SDRAM_Init)
    BSP_SDRAM_Initialization_sequence        0x08000c55   Thumb Code   138  stm32f429i_discovery_sdram.o(i.BSP_SDRAM_Initialization_sequence)
    BSP_TS_GetState                          0x08000ce5   Thumb Code   174  stm32f429i_discovery_ts.o(i.BSP_TS_GetState)
    BSP_TS_Init                              0x08000d99   Thumb Code    48  stm32f429i_discovery_ts.o(i.BSP_TS_Init)
    BusFault_Handler                         0x08000dd1   Thumb Code     2  stm32f4xx_it.o(i.BusFault_Handler)
    DebugMon_Handler                         0x08000dd3   Thumb Code     2  stm32f4xx_it.o(i.DebugMon_Handler)
    FMC_SDRAM_Init                           0x08000dd5   Thumb Code    86  stm32f4xx_ll_fmc.o(i.FMC_SDRAM_Init)
    FMC_SDRAM_ProgramRefreshRate             0x08000e2b   Thumb Code    12  stm32f4xx_ll_fmc.o(i.FMC_SDRAM_ProgramRefreshRate)
    FMC_SDRAM_SendCommand                    0x08000e37   Thumb Code    82  stm32f4xx_ll_fmc.o(i.FMC_SDRAM_SendCommand)
    FMC_SDRAM_Timing_Init                    0x08000e89   Thumb Code   142  stm32f4xx_ll_fmc.o(i.FMC_SDRAM_Timing_Init)
    GUIMONO_DispChar                         0x08000f19   Thumb Code   302  gui_charm.o(i.GUIMONO_DispChar)
    GUIMONO_GetCharDistX                     0x0800104d   Thumb Code    18  gui_charm.o(i.GUIMONO_GetCharDistX)
    GUIMONO_GetFontInfo                      0x08001065   Thumb Code     6  gui_charm.o(i.GUIMONO_GetFontInfo)
    GUIMONO_IsInFont                         0x0800106b   Thumb Code    56  gui_charm.o(i.GUIMONO_IsInFont)
    GUI_ALLOC_AllocNoInit                    0x080010a3   Thumb Code    10  gui_alloc.o(i.GUI_ALLOC_AllocNoInit)
    GUI_ALLOC_Free                           0x080010ad   Thumb Code    50  gui_alloc.o(i.GUI_ALLOC_Free)
    GUI_ALLOC_FreeFixedBlock                 0x080010e5   Thumb Code    18  gui_alloc.o(i.GUI_ALLOC_FreeFixedBlock)
    GUI_ALLOC_GetMaxSize                     0x080010fd   Thumb Code    58  gui_alloc.o(i.GUI_ALLOC_GetMaxSize)
    GUI_ALLOC_LockH                          0x0800113d   Thumb Code    24  gui_alloc.o(i.GUI_ALLOC_LockH)
    GUI_ALLOC_UnlockH                        0x08001159   Thumb Code    42  gui_alloc.o(i.GUI_ALLOC_UnlockH)
    GUI_ALLOC_h2p                            0x08001189   Thumb Code    20  gui_alloc.o(i.GUI_ALLOC_h2p)
    GUI_CURSOR_SetPositionEx                 0x080011a1   Thumb Code   106  gui_curs1.o(i.GUI_CURSOR_SetPositionEx)
    GUI_DEVICE_Delete                        0x08001211   Thumb Code     4  gui_device.o(i.GUI_DEVICE_Delete)
    GUI_DEVICE_Link                          0x08001215   Thumb Code   130  gui_device.o(i.GUI_DEVICE_Link)
    GUI_DEVICE_Unlink                        0x0800129d   Thumb Code     4  gui_device.o(i.GUI_DEVICE_Unlink)
    GUI_DEVICE__GetpDriver                   0x080012a1   Thumb Code    32  gui_device.o(i.GUI_DEVICE__GetpDriver)
    GUI_GetBitmapPixelIndex                  0x080012c5   Thumb Code    22  gui_getbitmappixelindex.o(i.GUI_GetBitmapPixelIndex)
    GUI_GetBitmapPixelIndexEx                0x080012db   Thumb Code   138  gui_getbitmappixelindex.o(i.GUI_GetBitmapPixelIndexEx)
    GUI_GetCursorLayer                       0x08001365   Thumb Code    16  gui_selectlayer.o(i.GUI_GetCursorLayer)
    GUI_GetLayerPosEx                        0x08001379   Thumb Code    22  gui_selectlayer.o(i.GUI_GetLayerPosEx)
    GUI_MEMDEV_Delete                        0x08001391   Thumb Code    58  guidev.o(i.GUI_MEMDEV_Delete)
    GUI_MEMDEV_Select                        0x080013d1   Thumb Code    64  guidev.o(i.GUI_MEMDEV_Select)
    GUI_MULTIBUF_ConfirmEx                   0x08001415   Thumb Code    38  gui_multibuf.o(i.GUI_MULTIBUF_ConfirmEx)
    GUI_MergeRect                            0x08001441   Thumb Code    88  gui_mergerect.o(i.GUI_MergeRect)
    GUI_MoveRect                             0x08001499   Thumb Code    30  gui_moverect.o(i.GUI_MoveRect)
    GUI_PID_GetState                         0x080014b9   Thumb Code    58  gui_pid.o(i.GUI_PID_GetState)
    GUI_PID_IsEmpty                          0x080014fd   Thumb Code    18  gui_pid.o(i.GUI_PID_IsEmpty)
    GUI_PID_StoreState                       0x08001515   Thumb Code    20  gui_pid.o(i.GUI_PID_StoreState)
    GUI_SPRITE_SetPosition                   0x08001531   Thumb Code    10  gui_sprite.o(i.GUI_SPRITE_SetPosition)
    GUI_SelectLCD                            0x0800153b   Thumb Code    18  gui_selectlcd.o(i.GUI_SelectLCD)
    GUI_SetLayerPosEx                        0x0800154d   Thumb Code     4  gui_selectlayer.o(i.GUI_SetLayerPosEx)
    GUI_SignalEvent                          0x08001551   Thumb Code    12  gui_waitevent.o(i.GUI_SignalEvent)
    GUI_TOUCH_StoreStateEx                   0x08001561   Thumb Code    38  gui_touch.o(i.GUI_TOUCH_StoreStateEx)
    GUI_USAGE_DecUseCnt                      0x0800158d   Thumb Code    36  guidev_usage.o(i.GUI_USAGE_DecUseCnt)
    GUI_X_ExecIdle                           0x080015b1   Thumb Code     2  gui_x.o(i.GUI_X_ExecIdle)
    GUI__CompactPixelIndices                 0x080015b5   Thumb Code   292  gui__compactpixelindices.o(i.GUI__CompactPixelIndices)
    GUI__IntersectRect                       0x080016d9   Thumb Code    58  gui__intersectrect.o(i.GUI__IntersectRect)
    GUI__IntersectRects                      0x08001713   Thumb Code    82  gui__intersectrects.o(i.GUI__IntersectRects)
    GUI__MixColors                           0x08001765   Thumb Code   102  gui__alpha.o(i.GUI__MixColors)
    GUI__RegisterExit                        0x080017cd   Thumb Code    10  gui_core.o(i.GUI__RegisterExit)
    GUI__memset                              0x080017dd   Thumb Code    76  gui__memset.o(i.GUI__memset)
    HAL_DMA_DeInit                           0x08001829   Thumb Code   118  stm32f4xx_hal_dma.o(i.HAL_DMA_DeInit)
    HAL_DMA_Init                             0x080018a9   Thumb Code   162  stm32f4xx_hal_dma.o(i.HAL_DMA_Init)
    HAL_Delay                                0x08001959   Thumb Code    22  stm32f4xx_hal.o(i.HAL_Delay)
    HAL_GPIO_Init                            0x08001971   Thumb Code   544  stm32f4xx_hal_gpio.o(i.HAL_GPIO_Init)
    HAL_GPIO_WritePin                        0x08001ba5   Thumb Code    10  stm32f4xx_hal_gpio.o(i.HAL_GPIO_WritePin)
    HAL_GetTick                              0x08001bb1   Thumb Code     6  stm32f4xx_hal.o(i.HAL_GetTick)
    HAL_I2C_DeInit                           0x08001bbd   Thumb Code    54  stm32f4xx_hal_i2c.o(i.HAL_I2C_DeInit)
    HAL_I2C_GetState                         0x08001bf3   Thumb Code     6  stm32f4xx_hal_i2c.o(i.HAL_I2C_GetState)
    HAL_I2C_Init                             0x08001bf9   Thumb Code   254  stm32f4xx_hal_i2c.o(i.HAL_I2C_Init)
    HAL_I2C_Mem_Read                         0x08001d01   Thumb Code   482  stm32f4xx_hal_i2c.o(i.HAL_I2C_Mem_Read)
    HAL_I2C_Mem_Write                        0x08001ef1   Thumb Code   260  stm32f4xx_hal_i2c.o(i.HAL_I2C_Mem_Write)
    HAL_I2C_MspDeInit                        0x08001ffd   Thumb Code     2  stm32f4xx_hal_i2c.o(i.HAL_I2C_MspDeInit)
    HAL_I2C_MspInit                          0x08001fff   Thumb Code     2  stm32f4xx_hal_i2c.o(i.HAL_I2C_MspInit)
    HAL_IncTick                              0x08002001   Thumb Code    10  stm32f4xx_hal.o(i.HAL_IncTick)
    HAL_Init                                 0x08002011   Thumb Code    48  stm32f4xx_hal.o(i.HAL_Init)
    HAL_InitTick                             0x08002045   Thumb Code    34  stm32f4xx_hal.o(i.HAL_InitTick)
    HAL_LTDC_ErrorCallback                   0x08002067   Thumb Code     2  stm32f4xx_hal_ltdc.o(i.HAL_LTDC_ErrorCallback)
    HAL_LTDC_IRQHandler                      0x08002069   Thumb Code   174  stm32f4xx_hal_ltdc.o(i.HAL_LTDC_IRQHandler)
    HAL_LTDC_LineEventCallback               0x08002119   Thumb Code    94  lcdconf_stm32f429i_disco_mb1075.o(i.HAL_LTDC_LineEventCallback)
    HAL_LTDC_ProgramLineEvent                0x0800217d   Thumb Code    56  stm32f4xx_hal_ltdc.o(i.HAL_LTDC_ProgramLineEvent)
    HAL_LTDC_SetAddress                      0x080021b9   Thumb Code    70  stm32f4xx_hal_ltdc.o(i.HAL_LTDC_SetAddress)
    HAL_MspInit                              0x080021ff   Thumb Code     2  stm32f4xx_hal.o(i.HAL_MspInit)
    HAL_NVIC_ClearPendingIRQ                 0x08002201   Thumb Code    24  stm32f4xx_hal_cortex.o(i.HAL_NVIC_ClearPendingIRQ)
    HAL_NVIC_EnableIRQ                       0x08002219   Thumb Code    24  stm32f4xx_hal_cortex.o(i.HAL_NVIC_EnableIRQ)
    HAL_NVIC_SetPriority                     0x08002231   Thumb Code    96  stm32f4xx_hal_cortex.o(i.HAL_NVIC_SetPriority)
    HAL_NVIC_SetPriorityGrouping             0x08002295   Thumb Code    30  stm32f4xx_hal_cortex.o(i.HAL_NVIC_SetPriorityGrouping)
    HAL_PWREx_EnableOverDrive                0x080022b9   Thumb Code   146  stm32f4xx_hal_pwr_ex.o(i.HAL_PWREx_EnableOverDrive)
    HAL_RCC_ClockConfig                      0x08002355   Thumb Code   380  stm32f4xx_hal_rcc.o(i.HAL_RCC_ClockConfig)
    HAL_RCC_GetHCLKFreq                      0x080024dd   Thumb Code    38  stm32f4xx_hal_rcc.o(i.HAL_RCC_GetHCLKFreq)
    HAL_RCC_GetPCLK1Freq                     0x08002511   Thumb Code    64  stm32f4xx_hal_rcc.o(i.HAL_RCC_GetPCLK1Freq)
    HAL_RCC_GetSysClockFreq                  0x0800255d   Thumb Code   128  stm32f4xx_hal_rcc.o(i.HAL_RCC_GetSysClockFreq)
    HAL_RCC_OscConfig                        0x080025ed   Thumb Code   826  stm32f4xx_hal_rcc.o(i.HAL_RCC_OscConfig)
    HAL_SDRAM_Init                           0x08002951   Thumb Code    66  stm32f4xx_hal_sdram.o(i.HAL_SDRAM_Init)
    HAL_SDRAM_MspInit                        0x08002993   Thumb Code     2  stm32f4xx_hal_sdram.o(i.HAL_SDRAM_MspInit)
    HAL_SDRAM_ProgramRefreshRate             0x08002995   Thumb Code    36  stm32f4xx_hal_sdram.o(i.HAL_SDRAM_ProgramRefreshRate)
    HAL_SDRAM_SendCommand                    0x080029b9   Thumb Code    46  stm32f4xx_hal_sdram.o(i.HAL_SDRAM_SendCommand)
    HAL_SYSTICK_Config                       0x080029e9   Thumb Code    38  stm32f4xx_hal_cortex.o(i.HAL_SYSTICK_Config)
    HAL_TIMEx_BreakCallback                  0x08002a15   Thumb Code     2  stm32f4xx_hal_tim_ex.o(i.HAL_TIMEx_BreakCallback)
    HAL_TIMEx_CommutationCallback            0x08002a17   Thumb Code     2  stm32f4xx_hal_tim_ex.o(i.HAL_TIMEx_CommutationCallback)
    HAL_TIM_Base_Init                        0x08002a19   Thumb Code    54  stm32f4xx_hal_tim.o(i.HAL_TIM_Base_Init)
    HAL_TIM_Base_MspInit                     0x08002a51   Thumb Code    40  main.o(i.HAL_TIM_Base_MspInit)
    HAL_TIM_Base_Start                       0x08002a7d   Thumb Code    26  stm32f4xx_hal_tim.o(i.HAL_TIM_Base_Start)
    HAL_TIM_Base_Start_IT                    0x08002a97   Thumb Code    24  stm32f4xx_hal_tim.o(i.HAL_TIM_Base_Start_IT)
    HAL_TIM_ConfigClockSource                0x08002aaf   Thumb Code   440  stm32f4xx_hal_tim.o(i.HAL_TIM_ConfigClockSource)
    HAL_TIM_IC_CaptureCallback               0x08002c67   Thumb Code     2  stm32f4xx_hal_tim.o(i.HAL_TIM_IC_CaptureCallback)
    HAL_TIM_IRQHandler                       0x08002c69   Thumb Code   364  stm32f4xx_hal_tim.o(i.HAL_TIM_IRQHandler)
    HAL_TIM_OC_ConfigChannel                 0x08002dd5   Thumb Code   248  stm32f4xx_hal_tim.o(i.HAL_TIM_OC_ConfigChannel)
    HAL_TIM_OC_DelayElapsedCallback          0x08002ed5   Thumb Code     2  stm32f4xx_hal_tim.o(i.HAL_TIM_OC_DelayElapsedCallback)
    HAL_TIM_OC_Init                          0x08002ed7   Thumb Code    54  stm32f4xx_hal_tim.o(i.HAL_TIM_OC_Init)
    HAL_TIM_OC_MspInit                       0x08002f0d   Thumb Code     2  stm32f4xx_hal_tim.o(i.HAL_TIM_OC_MspInit)
    HAL_TIM_PWM_PulseFinishedCallback        0x08002f0f   Thumb Code     2  stm32f4xx_hal_tim.o(i.HAL_TIM_PWM_PulseFinishedCallback)
    HAL_TIM_PWM_Start                        0x08002f11   Thumb Code    56  stm32f4xx_hal_tim.o(i.HAL_TIM_PWM_Start)
    HAL_TIM_PeriodElapsedCallback            0x08002f49   Thumb Code    14  main.o(i.HAL_TIM_PeriodElapsedCallback)
    HAL_TIM_TriggerCallback                  0x08002f5d   Thumb Code     2  stm32f4xx_hal_tim.o(i.HAL_TIM_TriggerCallback)
    HardFault_Handler                        0x08002f5f   Thumb Code     2  stm32f4xx_it.o(i.HardFault_Handler)
    IOE_Delay                                0x0800348d   Thumb Code     4  stm32f429i_discovery.o(i.IOE_Delay)
    IOE_ITConfig                             0x08003491   Thumb Code    68  stm32f429i_discovery.o(i.IOE_ITConfig)
    IOE_Init                                 0x080034e1   Thumb Code     4  stm32f429i_discovery.o(i.IOE_Init)
    IOE_Read                                 0x080034e5   Thumb Code    62  stm32f429i_discovery.o(i.IOE_Read)
    IOE_ReadMultiple                         0x0800352d   Thumb Code    56  stm32f429i_discovery.o(i.IOE_ReadMultiple)
    IOE_Write                                0x0800356d   Thumb Code    60  stm32f429i_discovery.o(i.IOE_Write)
    LCD_Color2Index                          0x080035b1   Thumb Code    18  lcd.o(i.LCD_Color2Index)
    LCD_DrawBitmap                           0x080035cd   Thumb Code   504  lcd.o(i.LCD_DrawBitmap)
    LCD_FillRect                             0x080037d1   Thumb Code    80  lcd.o(i.LCD_FillRect)
    LCD_GetPosEx                             0x08003829   Thumb Code    44  lcd_set.o(i.LCD_GetPosEx)
    LCD_GetXSizeEx                           0x08003855   Thumb Code     6  lcd_getex.o(i.LCD_GetXSizeEx)
    LCD_GetYSizeEx                           0x0800385b   Thumb Code     6  lcd_getex.o(i.LCD_GetYSizeEx)
    LCD_GetpPalConvTableBM                   0x08003861   Thumb Code     4  lcd_color.o(i.LCD_GetpPalConvTableBM)
    LCD_GetpPalConvTableUncached             0x08003865   Thumb Code    68  lcd_color.o(i.LCD_GetpPalConvTableUncached)
    LCD_SelectLCD                            0x080038ad   Thumb Code    54  lcd_selectlcd.o(i.LCD_SelectLCD)
    LCD_SetBkColorIndex                      0x080038ed   Thumb Code    20  lcd.o(i.LCD_SetBkColorIndex)
    LCD_SetClipRectMax                       0x08003905   Thumb Code    20  lcd.o(i.LCD_SetClipRectMax)
    LCD_SetColorIndex                        0x08003921   Thumb Code    20  lcd.o(i.LCD_SetColorIndex)
    LCD_SetDrawMode                          0x08003939   Thumb Code     8  lcd.o(i.LCD_SetDrawMode)
    LCD_SetPosEx                             0x08003945   Thumb Code    44  lcd_set.o(i.LCD_SetPosEx)
    LCD_UpdateColorIndices                   0x08003971   Thumb Code    32  lcd_updatecolorindices.o(i.LCD_UpdateColorIndices)
    LTDC_IRQHandler                          0x08003995   Thumb Code     6  stm32f4xx_it.o(i.LTDC_IRQHandler)
    MemManage_Handler                        0x08003b61   Thumb Code     2  stm32f4xx_it.o(i.MemManage_Handler)
    NMI_Handler                              0x08003b63   Thumb Code     2  stm32f4xx_it.o(i.NMI_Handler)
    SysTick_Handler                          0x08003b65   Thumb Code    16  stm32f4xx_it.o(i.SysTick_Handler)
    SystemInit                               0x08003b79   Thumb Code    64  system_stm32f4xx.o(i.SystemInit)
    TIM1_BRK_TIM9_IRQHandler                 0x08003bd1   Thumb Code    36  hub75.o(i.TIM1_BRK_TIM9_IRQHandler)
    TIM2_IRQHandler                          0x08003bf9   Thumb Code   112  mstimer.o(i.TIM2_IRQHandler)
    TIM3_IRQHandler                          0x08003c71   Thumb Code     6  stm32f4xx_it.o(i.TIM3_IRQHandler)
    TIM4_IRQHandler                          0x08003c7d   Thumb Code    34  mstimer.o(i.TIM4_IRQHandler)
    TIM_Base_SetConfig                       0x08003ca5   Thumb Code   176  stm32f4xx_hal_tim.o(i.TIM_Base_SetConfig)
    TIM_CCxChannelCmd                        0x08003d69   Thumb Code    26  stm32f4xx_hal_tim.o(i.TIM_CCxChannelCmd)
    TIM_OC2_SetConfig                        0x08003de3   Thumb Code   104  stm32f4xx_hal_tim.o(i.TIM_OC2_SetConfig)
    UART5_IRQHandler                         0x08003e4d   Thumb Code     6  stm32f4xx_it.o(i.UART5_IRQHandler)
    UsageFault_Handler                       0x08003e59   Thumb Code     2  stm32f4xx_it.o(i.UsageFault_Handler)
    WM_Activate                              0x08003e5d   Thumb Code    12  wm.o(i.WM_Activate)
    WM_Deactivate                            0x08003e6d   Thumb Code    14  wm.o(i.WM_Deactivate)
    WM_DefaultProc                           0x08003e81   Thumb Code    70  wm.o(i.WM_DefaultProc)
    WM_GetDesktopWindowEx                    0x08003ec9   Thumb Code    16  wm_getdesktopwindowex.o(i.WM_GetDesktopWindowEx)
    WM_GetFirstChild                         0x08003edd   Thumb Code    14  wm_getfirstchild.o(i.WM_GetFirstChild)
    WM_GetParent                             0x08003eeb   Thumb Code    14  wm_getparent.o(i.WM_GetParent)
    WM_HandlePID                             0x08003ef9   Thumb Code   850  wm_touch.o(i.WM_HandlePID)
    WM_InvalidateRect                        0x08004269   Thumb Code   118  wm.o(i.WM_InvalidateRect)
    WM_InvalidateWindow                      0x080042df   Thumb Code     6  wm.o(i.WM_InvalidateWindow)
    WM_InvalidateWindowAndDescsEx            0x080042e5   Thumb Code    94  wm.o(i.WM_InvalidateWindowAndDescsEx)
    WM_IsWindow                              0x08004343   Thumb Code     4  wm_iswindow.o(i.WM_IsWindow)
    WM_PID__SetPrevState                     0x08004349   Thumb Code    18  wm_pid__getprevstate.o(i.WM_PID__SetPrevState)
    WM_ReleaseCapture                        0x08004361   Thumb Code     4  wm_setcapture.o(i.WM_ReleaseCapture)
    WM_Screen2hWin                           0x08004365   Thumb Code    10  wm_screen2win.o(i.WM_Screen2hWin)
    WM_SendToParent                          0x0800436f   Thumb Code    30  wm_sendtoparent.o(i.WM_SendToParent)
    WM__AddCriticalHandle                    0x0800438d   Thumb Code    10  wm_criticalhandle.o(i.WM__AddCriticalHandle)
    WM__Client2Screen                        0x0800439d   Thumb Code    16  wm.o(i.WM__Client2Screen)
    WM__ClipAtParentBorders                  0x080043ad   Thumb Code    78  wm.o(i.WM__ClipAtParentBorders)
    WM__GetClientRectEx                      0x080043fb   Thumb Code    32  wm_getclientrect.o(i.WM__GetClientRectEx)
    WM__GetClientRectWin                     0x0800441b   Thumb Code    24  wm.o(i.WM__GetClientRectWin)
    WM__Invalidate1Abs                       0x08004433   Thumb Code     6  wm.o(i.WM__Invalidate1Abs)
    WM__InvalidateDrawAndDescs               0x08004439   Thumb Code    78  wm.o(i.WM__InvalidateDrawAndDescs)
    WM__InvalidateRect                       0x0800448d   Thumb Code   118  wm.o(i.WM__InvalidateRect)
    WM__InvalidateRectEx                     0x08004503   Thumb Code     6  wm.o(i.WM__InvalidateRectEx)
    WM__IsAncestor                           0x08004509   Thumb Code    34  wm__isancestor.o(i.WM__IsAncestor)
    WM__IsEnabled                            0x0800452b   Thumb Code    22  wm__isenabled.o(i.WM__IsEnabled)
    WM__IsInModalArea                        0x08004541   Thumb Code    88  wm_touch.o(i.WM__IsInModalArea)
    WM__IsInWindow                           0x080045a9   Thumb Code    48  wm_screen2win.o(i.WM__IsInWindow)
    WM__IsWindow                             0x080045d9   Thumb Code    30  wm.o(i.WM__IsWindow)
    WM__RectIsNZ                             0x080045fd   Thumb Code    32  wm.o(i.WM__RectIsNZ)
    WM__RemoveCriticalHandle                 0x08004649   Thumb Code    38  wm_criticalhandle.o(i.WM__RemoveCriticalHandle)
    WM__SendMessage                          0x08004675   Thumb Code    54  wm__sendmessage.o(i.WM__SendMessage)
    WM__SendMessageIfEnabled                 0x080046b1   Thumb Code    28  wm__sendmessageifenabled.o(i.WM__SendMessageIfEnabled)
    WM__SendPIDMessage                       0x080046cd   Thumb Code    62  wm_touch.o(i.WM__SendPIDMessage)
    WM__SendTouchMessage                     0x0800470b   Thumb Code    54  wm_touch.o(i.WM__SendTouchMessage)
    __ARM_common_memcpy4_5                   0x080055c3   Thumb Code    10  tfa.o(i.__ARM_common_memcpy4_5)
    __ARM_fpclassify                         0x080055cd   Thumb Code    48  fpclassify.o(i.__ARM_fpclassify)
    __hardfp_pow                             0x08005601   Thumb Code  3072  pow.o(i.__hardfp_pow)
    __kernel_poly                            0x08006251   Thumb Code   248  poly.o(i.__kernel_poly)
    __mathlib_dbl_divzero                    0x08006349   Thumb Code    28  dunder.o(i.__mathlib_dbl_divzero)
    __mathlib_dbl_infnan2                    0x08006379   Thumb Code    20  dunder.o(i.__mathlib_dbl_infnan2)
    __mathlib_dbl_invalid                    0x08006391   Thumb Code    24  dunder.o(i.__mathlib_dbl_invalid)
    __mathlib_dbl_overflow                   0x080063b1   Thumb Code    24  dunder.o(i.__mathlib_dbl_overflow)
    __mathlib_dbl_underflow                  0x080063d1   Thumb Code    24  dunder.o(i.__mathlib_dbl_underflow)
    __scatterload_copy                       0x080063f1   Thumb Code    14  handlers.o(i.__scatterload_copy)
    __scatterload_null                       0x080063ff   Thumb Code     2  handlers.o(i.__scatterload_null)
    __scatterload_zeroinit                   0x08006401   Thumb Code    14  handlers.o(i.__scatterload_zeroinit)
    __set_errno                              0x08006411   Thumb Code     6  errno.o(i.__set_errno)
    delayInit                                0x08006649   Thumb Code    56  delay.o(i.delayInit)
    delayMS                                  0x08006691   Thumb Code    26  delay.o(i.delayMS)
    endCountUS                               0x080066b5   Thumb Code    18  delay.o(i.endCountUS)
    fabs                                     0x080066d1   Thumb Code    24  fabs.o(i.fabs)
    gpsMsTask                                0x080066e9   Thumb Code   128  gps.o(i.gpsMsTask)
    gpsTimeReceived                          0x08006779   Thumb Code     2  gps.o(i.gpsTimeReceived)
    hiMSTick                                 0x0800677d   Thumb Code   126  main_entry.o(i.hiMSTick)
    hubInit                                  0x08006811   Thumb Code   528  hub75.o(i.hubInit)
    hubLUTInit                               0x08006a61   Thumb Code   200  hub75.o(i.hubLUTInit)
    hubSetOrient                             0x08006b55   Thumb Code    32  hub75.o(i.hubSetOrient)
    loMSTick                                 0x08006e95   Thumb Code     2  main_entry.o(i.loMSTick)
    localtime2                               0x08006e99   Thumb Code   282  time2.o(i.localtime2)
    main                                     0x08006fcd   Thumb Code   160  main.o(i.main)
    mainEntry                                0x08007079   Thumb Code   150  main_entry.o(i.mainEntry)
    mktime2                                  0x08007125   Thumb Code   202  time2.o(i.mktime2)
    msInit                                   0x08007201   Thumb Code   196  mstimer.o(i.msInit)
    msSetMSecPerDay                          0x080072e5   Thumb Code    86  mstimer.o(i.msSetMSecPerDay)
    sqrt                                     0x08007891   Thumb Code   110  sqrt.o(i.sqrt)
    startCountUS                             0x08007901   Thumb Code     8  delay.o(i.startCountUS)
    stmpe811_Init                            0x0800790d   Thumb Code   106  stmpe811.o(i.stmpe811_Init)
    stmpe811_ReadID                          0x0800797d   Thumb Code    32  stmpe811.o(i.stmpe811_ReadID)
    stmpe811_Reset                           0x0800799d   Thumb Code    40  stmpe811.o(i.stmpe811_Reset)
    stmpe811_TS_ClearIT                      0x080079c5   Thumb Code    10  stmpe811.o(i.stmpe811_TS_ClearIT)
    stmpe811_TS_DetectTouch                  0x080079cf   Thumb Code    56  stmpe811.o(i.stmpe811_TS_DetectTouch)
    stmpe811_TS_DisableIT                    0x08007a07   Thumb Code    48  stmpe811.o(i.stmpe811_TS_DisableIT)
    stmpe811_TS_EnableIT                     0x08007a37   Thumb Code    52  stmpe811.o(i.stmpe811_TS_EnableIT)
    stmpe811_TS_GetXY                        0x08007a6b   Thumb Code    62  stmpe811.o(i.stmpe811_TS_GetXY)
    stmpe811_TS_ITStatus                     0x08007aa9   Thumb Code    16  stmpe811.o(i.stmpe811_TS_ITStatus)
    stmpe811_TS_Start                        0x08007ab9   Thumb Code   174  stmpe811.o(i.stmpe811_TS_Start)
    tfaTask                                  0x08007b69   Thumb Code   716  tfa.o(i.tfaTask)
    time2msSub                               0x08007e59   Thumb Code    30  time2.o(i.time2msSub)
    uartIRQHandler                           0x08007e79   Thumb Code   136  uart.o(i.uartIRQHandler)
    BUTTON_IRQn                              0x08007f08   Data           1  stm32f429i_discovery.o(.constdata)
    BUTTON_PIN                               0x08007f0a   Data           2  stm32f429i_discovery.o(.constdata)
    GPIO_PIN                                 0x08007f0c   Data           4  stm32f429i_discovery.o(.constdata)
    testBmp                                  0x08007f10   Data        8192  hub75.o(.constdata)
    APBAHBPrescTable                         0x08009f10   Data          16  stm32f4xx_hal_rcc.o(.constdata)
    GUI_Font6x8                              0x0800a628   Data          36  f6x8.o(.constdata)
    __mathlib_zero                           0x0800a6d8   Data           8  qnan.o(.constdata)
    Region$$Table$$Base                      0x0800a6e0   Number         0  anon$$obj.o(Region$$Table)
    Region$$Table$$Limit                     0x0800a700   Number         0  anon$$obj.o(Region$$Table)
    BUTTON_PORT                              0x20000004   Data           4  stm32f429i_discovery.o(.data)
    I2cxTimeout                              0x20000008   Data           4  stm32f429i_discovery.o(.data)
    SpixTimeout                              0x2000000c   Data           4  stm32f429i_discovery.o(.data)
    GPIO_PORT                                0x20000010   Data           8  stm32f429i_discovery.o(.data)
    stmpe811_ts_drv                          0x20000028   Data          40  stmpe811.o(.data)
    stmpe811                                 0x20000050   Data           2  stmpe811.o(.data)
    OS_TimeMS                                0x20000054   Data           4  gui_x.o(.data)
    SystemCoreClock                          0x20000058   Data           4  system_stm32f4xx.o(.data)
    AHBPrescTable                            0x2000005c   Data          16  system_stm32f4xx.o(.data)
    GUI_Initialized                          0x2000006c   Data           1  main.o(.data)
    delayClock                               0x20000078   Data           4  delay.o(.data)
    ms_phase                                 0x2000007c   Data           4  mstimer.o(.data)
    ms_msec                                  0x20000080   Data           4  mstimer.o(.data)
    hiTicksKHz                               0x20000084   Data           4  mstimer.o(.data)
    loTicksMS                                0x20000088   Data           4  mstimer.o(.data)
    ms_msecPerDay                            0x2000008c   Data           4  mstimer.o(.data)
    tm2_days_in_year                         0x200000a4   Data           8  time2.o(.data)
    tm2_days_in_month                        0x200000ac   Data          96  time2.o(.data)
    gpsDST                                   0x2000010c   Data           1  gps.o(.data)
    gpsTimeZone                              0x20000110   Data           4  gps.o(.data)
    gps_msec_per_day                         0x20000114   Data           4  gps.o(.data)
    gps_msec_per_day_error                   0x20000118   Data           4  gps.o(.data)
    gpsTime                                  0x20000124   Data           8  gps.o(.data)
    timeS                                    0x2000012c   Data           8  gps.o(.data)
    tfaSearchSensor                          0x200001b6   Data           1  tfa.o(.data)
    tfaBatteryGood                           0x200001b8   Data           1  tfa.o(.data)
    tfaGoodPackages                          0x200001e0   Data           4  tfa.o(.data)
    tfaNumPackages                           0x200001e4   Data           4  tfa.o(.data)
    tfaTemperature                           0x200001e8   Data           4  tfa.o(.data)
    tfaHumidity                              0x200001ec   Data           4  tfa.o(.data)
    tfaLevel                                 0x200001f8   Data           4  tfa.o(.data)
    button                                   0x20000208   Data           1  main_entry.o(.data)
    button0                                  0x20000209   Data           1  main_entry.o(.data)
    msec                                     0x2000020c   Data           4  main_entry.o(.data)
    mode                                     0x20000210   Data           4  main_entry.o(.data)
    dcf_usec                                 0x20000218   Data           4  main_entry.o(.data)
    hubOrientation                           0x20000220   Data           1  hub75.o(.data)
    hubNeedRedraw                            0x20000221   Data           1  hub75.o(.data)
    hubBrightness                            0x20000224   Data           4  hub75.o(.data)
    hubMinBrightness                         0x20000228   Data           4  hub75.o(.data)
    screen                                   0x2000022c   Data           4  hub75.o(.data)
    display                                  0x20000230   Data           4  hub75.o(.data)
    screen_temp                              0x20000234   Data           4  hub75.o(.data)
    screenW                                  0x20000260   Data           4  hub75.o(.data)
    screenH                                  0x20000264   Data           4  hub75.o(.data)
    uwTick                                   0x20000284   Data           4  stm32f4xx_hal.o(.data)
    GUI_DecChar                              0x20000290   Data           1  gui_core.o(.data)
    GUI_pfGetpPalConvTable                   0x20000294   Data           4  gui_core.o(.data)
    GUI__pFontDefault                        0x20000298   Data           4  gui_core.o(.data)
    GUI_pContext                             0x2000029c   Data           4  gui_core.o(.data)
    GUI_pUC_API                              0x200002a0   Data           4  gui_core.o(.data)
    GUI__apDevice                            0x200002b4   Data           8  gui_core.o(.data)
    WM_pfHandlePID                           0x200002bc   Data           4  gui_core.o(.data)
    GUI__aNumBuffers                         0x200002c0   Data           2  gui_core.o(.data)
    GUI_pLCD_APIList                         0x200002c4   Data           4  gui_core.o(.data)
    GUI_OrgX                                 0x200002c8   Data           2  gui_core.o(.data)
    GUI_OrgY                                 0x200002ca   Data           2  gui_core.o(.data)
    LCD__pSetColorAPI                        0x200002f8   Data           4  lcd.o(.data)
    LCD__aConvTable                          0x20000300   Data           4  lcd_color.o(.data)
    WM__PaintCallbackCnt                     0x20000318   Data           1  wm.o(.data)
    WM__NumWindows                           0x2000031a   Data           2  wm.o(.data)
    WM__NumInvalidWindows                    0x2000031c   Data           2  wm.o(.data)
    WM__TouchedLayer                         0x20000324   Data           4  wm.o(.data)
    WM__FirstWin                             0x20000328   Data           4  wm.o(.data)
    WM__pFirstCriticalHandle                 0x2000032c   Data           4  wm.o(.data)
    WM__CreateFlags                          0x20000330   Data           4  wm.o(.data)
    WM_pfPollPID                             0x20000334   Data           4  wm.o(.data)
    WM_MULTIBUF__pAPI                        0x20000338   Data           4  wm.o(.data)
    WM__TransWindowCnt                       0x2000033c   Data           4  wm.o(.data)
    WM__hATransWindow                        0x20000340   Data           4  wm.o(.data)
    WM__hCreateStatic                        0x20000344   Data           4  wm.o(.data)
    WM__pExecGestures                        0x20000348   Data           4  wm.o(.data)
    WM__ahDesktopWin                         0x2000035c   Data           8  wm.o(.data)
    WM__aBkColor                             0x20000364   Data           8  wm.o(.data)
    WM__ahCapture                            0x2000036c   Data           8  wm.o(.data)
    WM__ahWinFocus                           0x20000374   Data           8  wm.o(.data)
    WM__CaptureReleaseAuto                   0x2000037c   Data           1  wm.o(.data)
    WM__ModalLayer                           0x20000390   Data           4  wm_touch.o(.data)
    I2cHandle                                0x200003a0   Data          68  stm32f429i_discovery.o(.bss)
    hltdc                                    0x20000924   Data         168  lcdconf_stm32f429i_disco_mb1075.o(.bss)
    TimHandle                                0x20003728   Data          60  main.o(.bss)
    htim5                                    0x20003764   Data          60  delay.o(.bss)
    htim2                                    0x200037a0   Data          60  mstimer.o(.bss)
    htim4                                    0x200037dc   Data          60  mstimer.o(.bss)
    uart_line                                0x20003818   Data        2068  uart.o(.bss)
    huart5                                   0x2000402c   Data          64  uart.o(.bss)
    gpsTime_tm                               0x2000406c   Data          44  gps.o(.bss)
    matrix                                   0x20004130   Data       16384  hub75.o(.bss)
    hubLUT                                   0x20008130   Data         512  hub75.o(.bss)
    hubtim                                   0x20008330   Data          60  hub75.o(.bss)
    hubtim2                                  0x2000836c   Data          60  hub75.o(.bss)
    GUI_ALLOC__Context                       0x200083f0   Data         192  gui_alloc.o(.bss)
    WM__aCHWinModal                          0x20008598   Data          16  wm_touch.o(.bss)
    WM__aCHWinLast                           0x200085a8   Data          16  wm_touch.o(.bss)
    WM__aCHWinMouseOver                      0x200085b8   Data          16  wm_touch.o(.bss)
    __initial_sp                             0x20009608   Data           0  startup_stm32f429xx.o(STACK)



==============================================================================

Memory Map of the image

  Image Entry point : 0x080001ad

  Load Region LR_IROM1 (Base: 0x08000000, Size: 0x0000aaa0, Max: 0x00200000, ABSOLUTE, COMPRESSED[0x0000a7c4])

    Execution Region ER_IROM1 (Base: 0x08000000, Size: 0x0000a700, Max: 0x00200000, ABSOLUTE)

    Base Addr    Size         Type   Attr      Idx    E Section Name        Object

    0x08000000   0x000001ac   Data   RO          787    RESET               startup_stm32f429xx.o
    0x080001ac   0x00000000   Code   RO         7510  * .ARM.Collect$$$$00000000  mc_w.l(entry.o)
    0x080001ac   0x00000004   Code   RO         7580    .ARM.Collect$$$$00000001  mc_w.l(entry2.o)
    0x080001b0   0x00000004   Code   RO         7583    .ARM.Collect$$$$00000004  mc_w.l(entry5.o)
    0x080001b4   0x00000000   Code   RO         7585    .ARM.Collect$$$$00000008  mc_w.l(entry7b.o)
    0x080001b4   0x00000000   Code   RO         7587    .ARM.Collect$$$$0000000A  mc_w.l(entry8b.o)
    0x080001b4   0x00000008   Code   RO         7588    .ARM.Collect$$$$0000000B  mc_w.l(entry9a.o)
    0x080001bc   0x00000000   Code   RO         7590    .ARM.Collect$$$$0000000D  mc_w.l(entry10a.o)
    0x080001bc   0x00000000   Code   RO         7592    .ARM.Collect$$$$0000000F  mc_w.l(entry11a.o)
    0x080001bc   0x00000004   Code   RO         7581    .ARM.Collect$$$$00002712  mc_w.l(entry2.o)
    0x080001c0   0x00000024   Code   RO          788    .text               startup_stm32f429xx.o
    0x080001e4   0x00000062   Code   RO         7513    .text               mc_w.l(uldiv.o)
    0x08000246   0x00000040   Code   RO         7517    .text               mc_w.l(memmovea.o)
    0x08000286   0x00000024   Code   RO         7519    .text               mc_w.l(memseta.o)
    0x080002aa   0x00000024   Code   RO         7521    .text               mc_w.l(strstr.o)
    0x080002ce   0x00000014   Code   RO         7523    .text               mc_w.l(strchr.o)
    0x080002e2   0x0000000e   Code   RO         7525    .text               mc_w.l(strlen.o)
    0x080002f0   0x0000001a   Code   RO         7527    .text               mc_w.l(memcmp.o)
    0x0800030a   0x00000020   Code   RO         7529    .text               mc_w.l(strpbrk.o)
    0x0800032a   0x0000014e   Code   RO         7535    .text               mf_w.l(dadd.o)
    0x08000478   0x000000e4   Code   RO         7537    .text               mf_w.l(dmul.o)
    0x0800055c   0x00000026   Code   RO         7539    .text               mf_w.l(f2d.o)
    0x08000582   0x00000038   Code   RO         7541    .text               mf_w.l(d2f.o)
    0x080005ba   0x0000001e   Code   RO         7594    .text               mc_w.l(llshl.o)
    0x080005d8   0x00000020   Code   RO         7596    .text               mc_w.l(llushr.o)
    0x080005f8   0x00000024   Code   RO         7598    .text               mc_w.l(llsshr.o)
    0x0800061c   0x00000000   Code   RO         7607    .text               mc_w.l(iusefp.o)
    0x0800061c   0x0000006e   Code   RO         7608    .text               mf_w.l(fepilogue.o)
    0x0800068a   0x000000ba   Code   RO         7610    .text               mf_w.l(depilogue.o)
    0x08000744   0x000000de   Code   RO         7612    .text               mf_w.l(ddiv.o)
    0x08000822   0x0000002e   Code   RO         7616    .text               mf_w.l(dscalb.o)
    0x08000850   0x00000022   Code   RO         7618    .text               mf_w.l(dflti.o)
    0x08000872   0x00000002   PAD
    0x08000874   0x00000030   Code   RO         7620    .text               mf_w.l(cdrcmple.o)
    0x080008a4   0x00000024   Code   RO         7622    .text               mc_w.l(init.o)
    0x080008c8   0x000000a2   Code   RO         7624    .text               mf_w.l(dsqrt.o)
    0x0800096a   0x00000056   Code   RO         7636    .text               mc_w.l(__dczerorl2.o)
    0x080009c0   0x0000005c   Code   RO            5    i.BSP_LED_Init      stm32f429i_discovery.o
    0x08000a1c   0x0000007c   Code   RO         1510    i.BSP_Pointer_Update  main.o
    0x08000a98   0x000001bc   Code   RO          659    i.BSP_SDRAM_Init    stm32f429i_discovery_sdram.o
    0x08000c54   0x00000090   Code   RO          660    i.BSP_SDRAM_Initialization_sequence  stm32f429i_discovery_sdram.o
    0x08000ce4   0x000000b4   Code   RO          592    i.BSP_TS_GetState   stm32f429i_discovery_ts.o
    0x08000d98   0x00000038   Code   RO          596    i.BSP_TS_Init       stm32f429i_discovery_ts.o
    0x08000dd0   0x00000002   Code   RO         1420    i.BusFault_Handler  stm32f4xx_it.o
    0x08000dd2   0x00000002   Code   RO         1421    i.DebugMon_Handler  stm32f4xx_it.o
    0x08000dd4   0x00000056   Code   RO         3885    i.FMC_SDRAM_Init    stm32f4xx_ll_fmc.o
    0x08000e2a   0x0000000c   Code   RO         3886    i.FMC_SDRAM_ProgramRefreshRate  stm32f4xx_ll_fmc.o
    0x08000e36   0x00000052   Code   RO         3887    i.FMC_SDRAM_SendCommand  stm32f4xx_ll_fmc.o
    0x08000e88   0x0000008e   Code   RO         3889    i.FMC_SDRAM_Timing_Init  stm32f4xx_ll_fmc.o
    0x08000f16   0x00000002   PAD
    0x08000f18   0x00000134   Code   RO         6498    i.GUIMONO_DispChar  STemWin528_CM4_Keil.lib(gui_charm.o)
    0x0800104c   0x00000018   Code   RO         6499    i.GUIMONO_GetCharDistX  STemWin528_CM4_Keil.lib(gui_charm.o)
    0x08001064   0x00000006   Code   RO         6500    i.GUIMONO_GetFontInfo  STemWin528_CM4_Keil.lib(gui_charm.o)
    0x0800106a   0x00000038   Code   RO         6501    i.GUIMONO_IsInFont  STemWin528_CM4_Keil.lib(gui_charm.o)
    0x080010a2   0x0000000a   Code   RO         5905    i.GUI_ALLOC_AllocNoInit  STemWin528_CM4_Keil.lib(gui_alloc.o)
    0x080010ac   0x00000038   Code   RO         5907    i.GUI_ALLOC_Free    STemWin528_CM4_Keil.lib(gui_alloc.o)
    0x080010e4   0x00000018   Code   RO         5908    i.GUI_ALLOC_FreeFixedBlock  STemWin528_CM4_Keil.lib(gui_alloc.o)
    0x080010fc   0x00000040   Code   RO         5912    i.GUI_ALLOC_GetMaxSize  STemWin528_CM4_Keil.lib(gui_alloc.o)
    0x0800113c   0x0000001c   Code   RO         5921    i.GUI_ALLOC_LockH   STemWin528_CM4_Keil.lib(gui_alloc.o)
    0x08001158   0x00000030   Code   RO         5927    i.GUI_ALLOC_UnlockH  STemWin528_CM4_Keil.lib(gui_alloc.o)
    0x08001188   0x00000018   Code   RO         5928    i.GUI_ALLOC_h2p     STemWin528_CM4_Keil.lib(gui_alloc.o)
    0x080011a0   0x00000070   Code   RO         7081    i.GUI_CURSOR_SetPositionEx  STemWin528_CM4_Keil.lib(gui_curs1.o)
    0x08001210   0x00000004   Code   RO         6018    i.GUI_DEVICE_Delete  STemWin528_CM4_Keil.lib(gui_device.o)
    0x08001214   0x00000088   Code   RO         6019    i.GUI_DEVICE_Link   STemWin528_CM4_Keil.lib(gui_device.o)
    0x0800129c   0x00000004   Code   RO         6021    i.GUI_DEVICE_Unlink  STemWin528_CM4_Keil.lib(gui_device.o)
    0x080012a0   0x00000024   Code   RO         6024    i.GUI_DEVICE__GetpDriver  STemWin528_CM4_Keil.lib(gui_device.o)
    0x080012c4   0x00000016   Code   RO         7474    i.GUI_GetBitmapPixelIndex  STemWin528_CM4_Keil.lib(gui_getbitmappixelindex.o)
    0x080012da   0x0000008a   Code   RO         7475    i.GUI_GetBitmapPixelIndexEx  STemWin528_CM4_Keil.lib(gui_getbitmappixelindex.o)
    0x08001364   0x00000014   Code   RO         6067    i.GUI_GetCursorLayer  STemWin528_CM4_Keil.lib(gui_selectlayer.o)
    0x08001378   0x00000016   Code   RO         6068    i.GUI_GetLayerPosEx  STemWin528_CM4_Keil.lib(gui_selectlayer.o)
    0x0800138e   0x00000002   PAD
    0x08001390   0x00000040   Code   RO         6965    i.GUI_MEMDEV_Delete  STemWin528_CM4_Keil.lib(guidev.o)
    0x080013d0   0x00000044   Code   RO         6968    i.GUI_MEMDEV_Select  STemWin528_CM4_Keil.lib(guidev.o)
    0x08001414   0x0000002c   Code   RO         6046    i.GUI_MULTIBUF_ConfirmEx  STemWin528_CM4_Keil.lib(gui_multibuf.o)
    0x08001440   0x00000058   Code   RO         6892    i.GUI_MergeRect     STemWin528_CM4_Keil.lib(gui_mergerect.o)
    0x08001498   0x0000001e   Code   RO         6894    i.GUI_MoveRect      STemWin528_CM4_Keil.lib(gui_moverect.o)
    0x080014b6   0x00000002   PAD
    0x080014b8   0x00000044   Code   RO         6529    i.GUI_PID_GetState  STemWin528_CM4_Keil.lib(gui_pid.o)
    0x080014fc   0x00000018   Code   RO         6530    i.GUI_PID_IsEmpty   STemWin528_CM4_Keil.lib(gui_pid.o)
    0x08001514   0x0000001c   Code   RO         6532    i.GUI_PID_StoreState  STemWin528_CM4_Keil.lib(gui_pid.o)
    0x08001530   0x0000000a   Code   RO         7368    i.GUI_SPRITE_SetPosition  STemWin528_CM4_Keil.lib(gui_sprite.o)
    0x0800153a   0x00000012   Code   RO         6548    i.GUI_SelectLCD     STemWin528_CM4_Keil.lib(gui_selectlcd.o)
    0x0800154c   0x00000004   Code   RO         6072    i.GUI_SetLayerPosEx  STemWin528_CM4_Keil.lib(gui_selectlayer.o)
    0x08001550   0x00000010   Code   RO         6945    i.GUI_SignalEvent   STemWin528_CM4_Keil.lib(gui_waitevent.o)
    0x08001560   0x0000002c   Code   RO         6092    i.GUI_TOUCH_StoreStateEx  STemWin528_CM4_Keil.lib(gui_touch.o)
    0x0800158c   0x00000024   Code   RO         7008    i.GUI_USAGE_DecUseCnt  STemWin528_CM4_Keil.lib(guidev_usage.o)
    0x080015b0   0x00000002   Code   RO         1065    i.GUI_X_ExecIdle    gui_x.o
    0x080015b2   0x00000002   PAD
    0x080015b4   0x00000124   Code   RO         7066    i.GUI__CompactPixelIndices  STemWin528_CM4_Keil.lib(gui__compactpixelindices.o)
    0x080016d8   0x0000003a   Code   RO         6842    i.GUI__IntersectRect  STemWin528_CM4_Keil.lib(gui__intersectrect.o)
    0x08001712   0x00000052   Code   RO         6844    i.GUI__IntersectRects  STemWin528_CM4_Keil.lib(gui__intersectrects.o)
    0x08001764   0x00000066   Code   RO         5890    i.GUI__MixColors    STemWin528_CM4_Keil.lib(gui__alpha.o)
    0x080017ca   0x00000002   PAD
    0x080017cc   0x00000010   Code   RO         5988    i.GUI__RegisterExit  STemWin528_CM4_Keil.lib(gui_core.o)
    0x080017dc   0x0000004c   Code   RO         6496    i.GUI__memset       STemWin528_CM4_Keil.lib(gui__memset.o)
    0x08001828   0x00000080   Code   RO         5744    i.HAL_DMA_DeInit    stm32f4xx_hal_dma.o
    0x080018a8   0x000000b0   Code   RO         5748    i.HAL_DMA_Init      stm32f4xx_hal_dma.o
    0x08001958   0x00000016   Code   RO         2540    i.HAL_Delay         stm32f4xx_hal.o
    0x0800196e   0x00000002   PAD
    0x08001970   0x00000234   Code   RO         4703    i.HAL_GPIO_Init     stm32f4xx_hal_gpio.o
    0x08001ba4   0x0000000a   Code   RO         4707    i.HAL_GPIO_WritePin  stm32f4xx_hal_gpio.o
    0x08001bae   0x00000002   PAD
    0x08001bb0   0x0000000c   Code   RO         2548    i.HAL_GetTick       stm32f4xx_hal.o
    0x08001bbc   0x00000036   Code   RO         2172    i.HAL_I2C_DeInit    stm32f4xx_hal_i2c.o
    0x08001bf2   0x00000006   Code   RO         2180    i.HAL_I2C_GetState  stm32f4xx_hal_i2c.o
    0x08001bf8   0x00000108   Code   RO         2181    i.HAL_I2C_Init      stm32f4xx_hal_i2c.o
    0x08001d00   0x000001f0   Code   RO         2197    i.HAL_I2C_Mem_Read  stm32f4xx_hal_i2c.o
    0x08001ef0   0x0000010c   Code   RO         2200    i.HAL_I2C_Mem_Write  stm32f4xx_hal_i2c.o
    0x08001ffc   0x00000002   Code   RO         2203    i.HAL_I2C_MspDeInit  stm32f4xx_hal_i2c.o
    0x08001ffe   0x00000002   Code   RO         2204    i.HAL_I2C_MspInit   stm32f4xx_hal_i2c.o
    0x08002000   0x00000010   Code   RO         2549    i.HAL_IncTick       stm32f4xx_hal.o
    0x08002010   0x00000034   Code   RO         2550    i.HAL_Init          stm32f4xx_hal.o
    0x08002044   0x00000022   Code   RO         2551    i.HAL_InitTick      stm32f4xx_hal.o
    0x08002066   0x00000002   Code   RO         4537    i.HAL_LTDC_ErrorCallback  stm32f4xx_hal_ltdc.o
    0x08002068   0x000000ae   Code   RO         4540    i.HAL_LTDC_IRQHandler  stm32f4xx_hal_ltdc.o
    0x08002116   0x00000002   PAD
    0x08002118   0x00000064   Code   RO         1159    i.HAL_LTDC_LineEventCallback  lcdconf_stm32f429i_disco_mb1075.o
    0x0800217c   0x0000003c   Code   RO         4545    i.HAL_LTDC_ProgramLineEvent  stm32f4xx_hal_ltdc.o
    0x080021b8   0x00000046   Code   RO         4546    i.HAL_LTDC_SetAddress  stm32f4xx_hal_ltdc.o
    0x080021fe   0x00000002   Code   RO         2553    i.HAL_MspInit       stm32f4xx_hal.o
    0x08002200   0x00000018   Code   RO         5339    i.HAL_NVIC_ClearPendingIRQ  stm32f4xx_hal_cortex.o
    0x08002218   0x00000018   Code   RO         5341    i.HAL_NVIC_EnableIRQ  stm32f4xx_hal_cortex.o
    0x08002230   0x00000064   Code   RO         5347    i.HAL_NVIC_SetPriority  stm32f4xx_hal_cortex.o
    0x08002294   0x00000024   Code   RO         5348    i.HAL_NVIC_SetPriorityGrouping  stm32f4xx_hal_cortex.o
    0x080022b8   0x0000009c   Code   RO         5272    i.HAL_PWREx_EnableOverDrive  stm32f4xx_hal_pwr_ex.o
    0x08002354   0x00000188   Code   RO         4767    i.HAL_RCC_ClockConfig  stm32f4xx_hal_rcc.o
    0x080024dc   0x00000034   Code   RO         4772    i.HAL_RCC_GetHCLKFreq  stm32f4xx_hal_rcc.o
    0x08002510   0x0000004c   Code   RO         4774    i.HAL_RCC_GetPCLK1Freq  stm32f4xx_hal_rcc.o
    0x0800255c   0x00000090   Code   RO         4776    i.HAL_RCC_GetSysClockFreq  stm32f4xx_hal_rcc.o
    0x080025ec   0x00000364   Code   RO         4779    i.HAL_RCC_OscConfig  stm32f4xx_hal_rcc.o
    0x08002950   0x00000042   Code   RO         5116    i.HAL_SDRAM_Init    stm32f4xx_hal_sdram.o
    0x08002992   0x00000002   Code   RO         5118    i.HAL_SDRAM_MspInit  stm32f4xx_hal_sdram.o
    0x08002994   0x00000024   Code   RO         5119    i.HAL_SDRAM_ProgramRefreshRate  stm32f4xx_hal_sdram.o
    0x080029b8   0x0000002e   Code   RO         5125    i.HAL_SDRAM_SendCommand  stm32f4xx_hal_sdram.o
    0x080029e6   0x00000002   PAD
    0x080029e8   0x0000002c   Code   RO         5352    i.HAL_SYSTICK_Config  stm32f4xx_hal_cortex.o
    0x08002a14   0x00000002   Code   RO         4871    i.HAL_TIMEx_BreakCallback  stm32f4xx_hal_tim_ex.o
    0x08002a16   0x00000002   Code   RO         4872    i.HAL_TIMEx_CommutationCallback  stm32f4xx_hal_tim_ex.o
    0x08002a18   0x00000036   Code   RO         2694    i.HAL_TIM_Base_Init  stm32f4xx_hal_tim.o
    0x08002a4e   0x00000002   PAD
    0x08002a50   0x0000002c   Code   RO         1511    i.HAL_TIM_Base_MspInit  main.o
    0x08002a7c   0x0000001a   Code   RO         2697    i.HAL_TIM_Base_Start  stm32f4xx_hal_tim.o
    0x08002a96   0x00000018   Code   RO         2699    i.HAL_TIM_Base_Start_IT  stm32f4xx_hal_tim.o
    0x08002aae   0x000001b8   Code   RO         2703    i.HAL_TIM_ConfigClockSource  stm32f4xx_hal_tim.o
    0x08002c66   0x00000002   Code   RO         2723    i.HAL_TIM_IC_CaptureCallback  stm32f4xx_hal_tim.o
    0x08002c68   0x0000016c   Code   RO         2736    i.HAL_TIM_IRQHandler  stm32f4xx_hal_tim.o
    0x08002dd4   0x00000100   Code   RO         2737    i.HAL_TIM_OC_ConfigChannel  stm32f4xx_hal_tim.o
    0x08002ed4   0x00000002   Code   RO         2739    i.HAL_TIM_OC_DelayElapsedCallback  stm32f4xx_hal_tim.o
    0x08002ed6   0x00000036   Code   RO         2741    i.HAL_TIM_OC_Init   stm32f4xx_hal_tim.o
    0x08002f0c   0x00000002   Code   RO         2743    i.HAL_TIM_OC_MspInit  stm32f4xx_hal_tim.o
    0x08002f0e   0x00000002   Code   RO         2766    i.HAL_TIM_PWM_PulseFinishedCallback  stm32f4xx_hal_tim.o
    0x08002f10   0x00000038   Code   RO         2767    i.HAL_TIM_PWM_Start  stm32f4xx_hal_tim.o
    0x08002f48   0x00000014   Code   RO         1512    i.HAL_TIM_PeriodElapsedCallback  main.o
    0x08002f5c   0x00000002   Code   RO         2777    i.HAL_TIM_TriggerCallback  stm32f4xx_hal_tim.o
    0x08002f5e   0x00000002   Code   RO         1422    i.HardFault_Handler  stm32f4xx_it.o
    0x08002f60   0x00000100   Code   RO         2224    i.I2C_RequestMemoryRead  stm32f4xx_hal_i2c.o
    0x08003060   0x000000a8   Code   RO         2225    i.I2C_RequestMemoryWrite  stm32f4xx_hal_i2c.o
    0x08003108   0x000000e6   Code   RO         2226    i.I2C_WaitOnFlagUntilTimeout  stm32f4xx_hal_i2c.o
    0x080031ee   0x000000bc   Code   RO         2227    i.I2C_WaitOnMasterAddressFlagUntilTimeout  stm32f4xx_hal_i2c.o
    0x080032aa   0x00000076   Code   RO         2228    i.I2C_WaitOnRXNEFlagUntilTimeout  stm32f4xx_hal_i2c.o
    0x08003320   0x00000080   Code   RO         2230    i.I2C_WaitOnTXEFlagUntilTimeout  stm32f4xx_hal_i2c.o
    0x080033a0   0x000000ec   Code   RO           14    i.I2Cx_Init         stm32f429i_discovery.o
    0x0800348c   0x00000004   Code   RO           15    i.IOE_Delay         stm32f429i_discovery.o
    0x08003490   0x00000050   Code   RO           16    i.IOE_ITConfig      stm32f429i_discovery.o
    0x080034e0   0x00000004   Code   RO           17    i.IOE_Init          stm32f429i_discovery.o
    0x080034e4   0x00000048   Code   RO           18    i.IOE_Read          stm32f429i_discovery.o
    0x0800352c   0x00000040   Code   RO           19    i.IOE_ReadMultiple  stm32f429i_discovery.o
    0x0800356c   0x00000044   Code   RO           20    i.IOE_Write         stm32f429i_discovery.o
    0x080035b0   0x0000001c   Code   RO         6122    i.LCD_Color2Index   STemWin528_CM4_Keil.lib(lcd.o)
    0x080035cc   0x00000204   Code   RO         6123    i.LCD_DrawBitmap    STemWin528_CM4_Keil.lib(lcd.o)
    0x080037d0   0x00000058   Code   RO         6127    i.LCD_FillRect      STemWin528_CM4_Keil.lib(lcd.o)
    0x08003828   0x0000002c   Code   RO         6254    i.LCD_GetPosEx      STemWin528_CM4_Keil.lib(lcd_set.o)
    0x08003854   0x00000006   Code   RO         6201    i.LCD_GetXSizeEx    STemWin528_CM4_Keil.lib(lcd_getex.o)
    0x0800385a   0x00000006   Code   RO         6206    i.LCD_GetYSizeEx    STemWin528_CM4_Keil.lib(lcd_getex.o)
    0x08003860   0x00000004   Code   RO         6161    i.LCD_GetpPalConvTableBM  STemWin528_CM4_Keil.lib(lcd_color.o)
    0x08003864   0x00000048   Code   RO         6162    i.LCD_GetpPalConvTableUncached  STemWin528_CM4_Keil.lib(lcd_color.o)
    0x080038ac   0x00000040   Code   RO         6955    i.LCD_SelectLCD     STemWin528_CM4_Keil.lib(lcd_selectlcd.o)
    0x080038ec   0x00000018   Code   RO         6130    i.LCD_SetBkColorIndex  STemWin528_CM4_Keil.lib(lcd.o)
    0x08003904   0x0000001c   Code   RO         6131    i.LCD_SetClipRectMax  STemWin528_CM4_Keil.lib(lcd.o)
    0x08003920   0x00000018   Code   RO         6133    i.LCD_SetColorIndex  STemWin528_CM4_Keil.lib(lcd.o)
    0x08003938   0x0000000c   Code   RO         6134    i.LCD_SetDrawMode   STemWin528_CM4_Keil.lib(lcd.o)
    0x08003944   0x0000002c   Code   RO         6269    i.LCD_SetPosEx      STemWin528_CM4_Keil.lib(lcd_set.o)
    0x08003970   0x00000024   Code   RO         6959    i.LCD_UpdateColorIndices  STemWin528_CM4_Keil.lib(lcd_updatecolorindices.o)
    0x08003994   0x0000000c   Code   RO         1423    i.LTDC_IRQHandler   stm32f4xx_it.o
    0x080039a0   0x000001c0   Code   RO         4552    i.LTDC_SetConfig    stm32f4xx_hal_ltdc.o
    0x08003b60   0x00000002   Code   RO         1424    i.MemManage_Handler  stm32f4xx_it.o
    0x08003b62   0x00000002   Code   RO         1425    i.NMI_Handler       stm32f4xx_it.o
    0x08003b64   0x00000014   Code   RO         1426    i.SysTick_Handler   stm32f4xx_it.o
    0x08003b78   0x00000058   Code   RO         1373    i.SystemInit        system_stm32f4xx.o
    0x08003bd0   0x00000028   Code   RO         2066    i.TIM1_BRK_TIM9_IRQHandler  hub75.o
    0x08003bf8   0x00000078   Code   RO         1749    i.TIM2_IRQHandler   mstimer.o
    0x08003c70   0x0000000c   Code   RO         1427    i.TIM3_IRQHandler   stm32f4xx_it.o
    0x08003c7c   0x00000028   Code   RO         1750    i.TIM4_IRQHandler   mstimer.o
    0x08003ca4   0x000000c4   Code   RO         2778    i.TIM_Base_SetConfig  stm32f4xx_hal_tim.o
    0x08003d68   0x0000001a   Code   RO         2779    i.TIM_CCxChannelCmd  stm32f4xx_hal_tim.o
    0x08003d82   0x00000060   Code   RO         2785    i.TIM_OC1_SetConfig  stm32f4xx_hal_tim.o
    0x08003de2   0x00000068   Code   RO         2786    i.TIM_OC2_SetConfig  stm32f4xx_hal_tim.o
    0x08003e4a   0x00000002   PAD
    0x08003e4c   0x0000000c   Code   RO         1428    i.UART5_IRQHandler  stm32f4xx_it.o
    0x08003e58   0x00000002   Code   RO         1429    i.UsageFault_Handler  stm32f4xx_it.o
    0x08003e5a   0x00000002   PAD
    0x08003e5c   0x00000010   Code   RO         6726    i.WM_Activate       STemWin528_CM4_Keil.lib(wm.o)
    0x08003e6c   0x00000014   Code   RO         6729    i.WM_Deactivate     STemWin528_CM4_Keil.lib(wm.o)
    0x08003e80   0x00000046   Code   RO         6730    i.WM_DefaultProc    STemWin528_CM4_Keil.lib(wm.o)
    0x08003ec6   0x00000002   PAD
    0x08003ec8   0x00000014   Code   RO         7467    i.WM_GetDesktopWindowEx  STemWin528_CM4_Keil.lib(wm_getdesktopwindowex.o)
    0x08003edc   0x0000000e   Code   RO         7030    i.WM_GetFirstChild  STemWin528_CM4_Keil.lib(wm_getfirstchild.o)
    0x08003eea   0x0000000e   Code   RO         7316    i.WM_GetParent      STemWin528_CM4_Keil.lib(wm_getparent.o)
    0x08003ef8   0x00000370   Code   RO         7050    i.WM_HandlePID      STemWin528_CM4_Keil.lib(wm_touch.o)
    0x08004268   0x00000076   Code   RO         6736    i.WM_InvalidateRect  STemWin528_CM4_Keil.lib(wm.o)
    0x080042de   0x00000006   Code   RO         6737    i.WM_InvalidateWindow  STemWin528_CM4_Keil.lib(wm.o)
    0x080042e4   0x0000005e   Code   RO         6738    i.WM_InvalidateWindowAndDescsEx  STemWin528_CM4_Keil.lib(wm.o)
    0x08004342   0x00000004   Code   RO         7322    i.WM_IsWindow       STemWin528_CM4_Keil.lib(wm_iswindow.o)
    0x08004346   0x00000002   PAD
    0x08004348   0x00000018   Code   RO         7327    i.WM_PID__SetPrevState  STemWin528_CM4_Keil.lib(wm_pid__getprevstate.o)
    0x08004360   0x00000004   Code   RO         7341    i.WM_ReleaseCapture  STemWin528_CM4_Keil.lib(wm_setcapture.o)
    0x08004364   0x0000000a   Code   RO         7331    i.WM_Screen2hWin    STemWin528_CM4_Keil.lib(wm_screen2win.o)
    0x0800436e   0x0000001e   Code   RO         7036    i.WM_SendToParent   STemWin528_CM4_Keil.lib(wm_sendtoparent.o)
    0x0800438c   0x00000010   Code   RO         7020    i.WM__AddCriticalHandle  STemWin528_CM4_Keil.lib(wm_criticalhandle.o)
    0x0800439c   0x00000010   Code   RO         6743    i.WM__Client2Screen  STemWin528_CM4_Keil.lib(wm.o)
    0x080043ac   0x0000004e   Code   RO         6744    i.WM__ClipAtParentBorders  STemWin528_CM4_Keil.lib(wm.o)
    0x080043fa   0x00000020   Code   RO         7026    i.WM__GetClientRectEx  STemWin528_CM4_Keil.lib(wm_getclientrect.o)
    0x0800441a   0x00000018   Code   RO         6747    i.WM__GetClientRectWin  STemWin528_CM4_Keil.lib(wm.o)
    0x08004432   0x00000006   Code   RO         6752    i.WM__Invalidate1Abs  STemWin528_CM4_Keil.lib(wm.o)
    0x08004438   0x00000054   Code   RO         6753    i.WM__InvalidateDrawAndDescs  STemWin528_CM4_Keil.lib(wm.o)
    0x0800448c   0x00000076   Code   RO         6755    i.WM__InvalidateRect  STemWin528_CM4_Keil.lib(wm.o)
    0x08004502   0x00000006   Code   RO         6756    i.WM__InvalidateRectEx  STemWin528_CM4_Keil.lib(wm.o)
    0x08004508   0x00000022   Code   RO         7298    i.WM__IsAncestor    STemWin528_CM4_Keil.lib(wm__isancestor.o)
    0x0800452a   0x00000016   Code   RO         7302    i.WM__IsEnabled     STemWin528_CM4_Keil.lib(wm__isenabled.o)
    0x08004540   0x00000068   Code   RO         7051    i.WM__IsInModalArea  STemWin528_CM4_Keil.lib(wm_touch.o)
    0x080045a8   0x00000030   Code   RO         7333    i.WM__IsInWindow    STemWin528_CM4_Keil.lib(wm_screen2win.o)
    0x080045d8   0x00000024   Code   RO         6757    i.WM__IsWindow      STemWin528_CM4_Keil.lib(wm.o)
    0x080045fc   0x00000020   Code   RO         6761    i.WM__RectIsNZ      STemWin528_CM4_Keil.lib(wm.o)
    0x0800461c   0x0000002c   Code   RO         7343    i.WM__ReleaseCapture  STemWin528_CM4_Keil.lib(wm_setcapture.o)
    0x08004648   0x0000002c   Code   RO         7021    i.WM__RemoveCriticalHandle  STemWin528_CM4_Keil.lib(wm_criticalhandle.o)
    0x08004674   0x0000003c   Code   RO         7015    i.WM__SendMessage   STemWin528_CM4_Keil.lib(wm__sendmessage.o)
    0x080046b0   0x0000001c   Code   RO         7304    i.WM__SendMessageIfEnabled  STemWin528_CM4_Keil.lib(wm__sendmessageifenabled.o)
    0x080046cc   0x0000003e   Code   RO         7052    i.WM__SendPIDMessage  STemWin528_CM4_Keil.lib(wm_touch.o)
    0x0800470a   0x00000036   Code   RO         7053    i.WM__SendTouchMessage  STemWin528_CM4_Keil.lib(wm_touch.o)
    0x08004740   0x0000008c   Code   RO         5930    i._AddFreeMemory    STemWin528_CM4_Keil.lib(gui_alloc.o)
    0x080047cc   0x000000bc   Code   RO         5931    i._Alloc            STemWin528_CM4_Keil.lib(gui_alloc.o)
    0x08004888   0x000000a2   Code   RO         7373    i._CreateBuffer     STemWin528_CM4_Keil.lib(gui_sprite.o)
    0x0800492a   0x00000002   PAD
    0x0800492c   0x00000014   Code   RO         6534    i._DecPointer       STemWin528_CM4_Keil.lib(gui_pid.o)
    0x08004940   0x00000020   Code   RO         6766    i._DesktopHandle2Index  STemWin528_CM4_Keil.lib(wm.o)
    0x08004960   0x00000098   Code   RO         5932    i._EnlargeBlocks    STemWin528_CM4_Keil.lib(gui_alloc.o)
    0x080049f8   0x00000074   Code   RO         7379    i._FlushBuffer      STemWin528_CM4_Keil.lib(gui_sprite.o)
    0x08004a6c   0x0000006c   Code   RO         7380    i._GetBkIndex       STemWin528_CM4_Keil.lib(gui_sprite.o)
    0x08004ad8   0x00000080   Code   RO         7381    i._GetBkIndexAlpha  STemWin528_CM4_Keil.lib(gui_sprite.o)
    0x08004b58   0x0000001e   Code   RO         6212    i._GetDevProp       STemWin528_CM4_Keil.lib(lcd_getex.o)
    0x08004b76   0x00000002   PAD
    0x08004b78   0x00000040   Code   RO         7387    i._GetDeviceRect    STemWin528_CM4_Keil.lib(gui_sprite.o)
    0x08004bb8   0x0000001c   Code   RO         5933    i._GetMinIndex      STemWin528_CM4_Keil.lib(gui_alloc.o)
    0x08004bd4   0x00000014   Code   RO         6535    i._IncPointer       STemWin528_CM4_Keil.lib(gui_pid.o)
    0x08004be8   0x000000a8   Code   RO         5934    i._InitOnce         STemWin528_CM4_Keil.lib(gui_alloc.o)
    0x08004c90   0x00000080   Code   RO         6773    i._Invalidate1Abs   STemWin528_CM4_Keil.lib(wm.o)
    0x08004d10   0x00000034   Code   RO         5935    i._OnExit           STemWin528_CM4_Keil.lib(gui_alloc.o)
    0x08004d44   0x00000040   Code   RO         5936    i._PopFreeBlock     STemWin528_CM4_Keil.lib(gui_alloc.o)
    0x08004d84   0x00000028   Code   RO         5937    i._PushFreeBlock    STemWin528_CM4_Keil.lib(gui_alloc.o)
    0x08004dac   0x0000001c   Code   RO         7392    i._ReleaseBuffer    STemWin528_CM4_Keil.lib(gui_sprite.o)
    0x08004dc8   0x00000034   Code   RO         5938    i._RemoveFreeBlock  STemWin528_CM4_Keil.lib(gui_alloc.o)
    0x08004dfc   0x000000a0   Code   RO         5939    i._RemoveHoles      STemWin528_CM4_Keil.lib(gui_alloc.o)
    0x08004e9c   0x0000005a   Code   RO         7334    i._Screen2hWin      STemWin528_CM4_Keil.lib(wm_screen2win.o)
    0x08004ef6   0x00000002   PAD
    0x08004ef8   0x00000024   Code   RO         7335    i._Screen2hWinStop  STemWin528_CM4_Keil.lib(wm_screen2win.o)
    0x08004f1c   0x00000020   Code   RO         6136    i._SetBkColor       STemWin528_CM4_Keil.lib(lcd.o)
    0x08004f3c   0x0000004a   Code   RO         7395    i._SetBkIndexBuffered  STemWin528_CM4_Keil.lib(gui_sprite.o)
    0x08004f86   0x00000002   PAD
    0x08004f88   0x00000020   Code   RO         6137    i._SetColor         STemWin528_CM4_Keil.lib(lcd.o)
    0x08004fa8   0x0000002c   Code   RO         6138    i._SetDrawMode      STemWin528_CM4_Keil.lib(lcd.o)
    0x08004fd4   0x0000045c   Code   RO         7398    i._SetPosition      STemWin528_CM4_Keil.lib(gui_sprite.o)
    0x08005430   0x00000068   Code   RO         6536    i._StoreState       STemWin528_CM4_Keil.lib(gui_pid.o)
    0x08005498   0x000000ea   Code   RO         5940    i._TestRAM          STemWin528_CM4_Keil.lib(gui_alloc.o)
    0x08005582   0x00000002   PAD
    0x08005584   0x00000030   Code   RO         6025    i._UnlinkDevice     STemWin528_CM4_Keil.lib(gui_device.o)
    0x080055b4   0x0000000e   Code   RO         5941    i._WriteTagData     STemWin528_CM4_Keil.lib(gui_alloc.o)
    0x080055c2   0x0000000a   Code   RO         1994    i.__ARM_common_memcpy4_5  tfa.o
    0x080055cc   0x00000030   Code   RO         7563    i.__ARM_fpclassify  m_wm.l(fpclassify.o)
    0x080055fc   0x00000004   PAD
    0x08005600   0x00000c50   Code   RO         7496    i.__hardfp_pow      m_wm.l(pow.o)
    0x08006250   0x000000f8   Code   RO         7565    i.__kernel_poly     m_wm.l(poly.o)
    0x08006348   0x00000030   Code   RO         7543    i.__mathlib_dbl_divzero  m_wm.l(dunder.o)
    0x08006378   0x00000014   Code   RO         7545    i.__mathlib_dbl_infnan2  m_wm.l(dunder.o)
    0x0800638c   0x00000004   PAD
    0x08006390   0x00000020   Code   RO         7546    i.__mathlib_dbl_invalid  m_wm.l(dunder.o)
    0x080063b0   0x00000020   Code   RO         7547    i.__mathlib_dbl_overflow  m_wm.l(dunder.o)
    0x080063d0   0x00000020   Code   RO         7549    i.__mathlib_dbl_underflow  m_wm.l(dunder.o)
    0x080063f0   0x0000000e   Code   RO         7630    i.__scatterload_copy  mc_w.l(handlers.o)
    0x080063fe   0x00000002   Code   RO         7631    i.__scatterload_null  mc_w.l(handlers.o)
    0x08006400   0x0000000e   Code   RO         7632    i.__scatterload_zeroinit  mc_w.l(handlers.o)
    0x0800640e   0x00000002   PAD
    0x08006410   0x0000000c   Code   RO         7602    i.__set_errno       mc_w.l(errno.o)
    0x0800641c   0x00000058   Code   RO         1955    i.calcTreshold      tfa.o
    0x08006474   0x000001d4   Code   RO         1956    i.comparePackets    tfa.o
    0x08006648   0x00000048   Code   RO         1686    i.delayInit         delay.o
    0x08006690   0x00000024   Code   RO         1687    i.delayMS           delay.o
    0x080066b4   0x0000001c   Code   RO         1690    i.endCountUS        delay.o
    0x080066d0   0x00000018   Code   RO         7559    i.fabs              m_wm.l(fabs.o)
    0x080066e8   0x00000090   Code   RO         1899    i.gpsMsTask         gps.o
    0x08006778   0x00000002   Code   RO         1900    i.gpsTimeReceived   gps.o
    0x0800677a   0x00000002   PAD
    0x0800677c   0x00000094   Code   RO         2005    i.hiMSTick          main_entry.o
    0x08006810   0x0000024c   Code   RO         2070    i.hubInit           hub75.o
    0x08006a5c   0x00000004   PAD
    0x08006a60   0x000000f4   Code   RO         2071    i.hubLUTInit        hub75.o
    0x08006b54   0x00000024   Code   RO         2073    i.hubSetOrient      hub75.o
    0x08006b78   0x0000031c   Code   RO         2074    i.hubTask           hub75.o
    0x08006e94   0x00000002   Code   RO         2007    i.loMSTick          main_entry.o
    0x08006e96   0x00000002   PAD
    0x08006e98   0x00000134   Code   RO         1813    i.localtime2        time2.o
    0x08006fcc   0x000000ac   Code   RO         1513    i.main              main.o
    0x08007078   0x000000ac   Code   RO         2008    i.mainEntry         main_entry.o
    0x08007124   0x000000dc   Code   RO         1814    i.mktime2           time2.o
    0x08007200   0x000000e4   Code   RO         1753    i.msInit            mstimer.o
    0x080072e4   0x00000064   Code   RO         1754    i.msSetMSecPerDay   mstimer.o
    0x08007348   0x00000488   Code   RO         1901    i.parse             gps.o
    0x080077d0   0x000000c0   Code   RO         2075    i.setBrightness     hub75.o
    0x08007890   0x0000006e   Code   RO         7570    i.sqrt              m_wm.l(sqrt.o)
    0x080078fe   0x00000002   PAD
    0x08007900   0x0000000c   Code   RO         1691    i.startCountUS      delay.o
    0x0800790c   0x00000070   Code   RO          812    i.stmpe811_Init     stmpe811.o
    0x0800797c   0x00000020   Code   RO          814    i.stmpe811_ReadID   stmpe811.o
    0x0800799c   0x00000028   Code   RO          815    i.stmpe811_Reset    stmpe811.o
    0x080079c4   0x0000000a   Code   RO          818    i.stmpe811_TS_ClearIT  stmpe811.o
    0x080079ce   0x00000038   Code   RO          819    i.stmpe811_TS_DetectTouch  stmpe811.o
    0x08007a06   0x00000030   Code   RO          820    i.stmpe811_TS_DisableIT  stmpe811.o
    0x08007a36   0x00000034   Code   RO          821    i.stmpe811_TS_EnableIT  stmpe811.o
    0x08007a6a   0x0000003e   Code   RO          822    i.stmpe811_TS_GetXY  stmpe811.o
    0x08007aa8   0x00000010   Code   RO          823    i.stmpe811_TS_ITStatus  stmpe811.o
    0x08007ab8   0x000000ae   Code   RO          824    i.stmpe811_TS_Start  stmpe811.o
    0x08007b66   0x00000002   PAD
    0x08007b68   0x000002f0   Code   RO         1958    i.tfaTask           tfa.o
    0x08007e58   0x0000001e   Code   RO         1815    i.time2msSub        time2.o
    0x08007e76   0x00000002   PAD
    0x08007e78   0x00000090   Code   RO         1851    i.uartIRQHandler    uart.o
    0x08007f08   0x00000008   Data   RO           29    .constdata          stm32f429i_discovery.o
    0x08007f10   0x00002000   Data   RO         2092    .constdata          hub75.o
    0x08009f10   0x00000010   Data   RO         4780    .constdata          stm32f4xx_hal_rcc.o
    0x08009f20   0x00000008   Data   RO         5752    .constdata          stm32f4xx_hal_dma.o
    0x08009f28   0x0000000c   Data   RO         6140    .constdata          STemWin528_CM4_Keil.lib(lcd.o)
    0x08009f34   0x00000518   Data   RO         6374    .constdata          STemWin528_CM4_Keil.lib(f6x8.o)
    0x0800a44c   0x000001c0   Data   RO         6375    .constdata          STemWin528_CM4_Keil.lib(f6x8.o)
    0x0800a60c   0x00000008   Data   RO         6376    .constdata          STemWin528_CM4_Keil.lib(f6x8.o)
    0x0800a614   0x00000014   Data   RO         6377    .constdata          STemWin528_CM4_Keil.lib(f6x8.o)
    0x0800a628   0x00000024   Data   RO         6378    .constdata          STemWin528_CM4_Keil.lib(f6x8.o)
    0x0800a64c   0x00000004   PAD
    0x0800a650   0x00000088   Data   RO         7499    .constdata          m_wm.l(pow.o)
    0x0800a6d8   0x00000008   Data   RO         7567    .constdata          m_wm.l(qnan.o)
    0x0800a6e0   0x00000020   Data   RO         7628    Region$$Table       anon$$obj.o


    Execution Region RW_IRAM1 (Base: 0x20000000, Size: 0x00009608, Max: 0x00030000, ABSOLUTE, COMPRESSED[0x000000c4])

    Base Addr    Size         Type   Attr      Idx    E Section Name        Object

    0x20000000   0x00000018   Data   RW           30    .data               stm32f429i_discovery.o
    0x20000018   0x00000010   Data   RW          597    .data               stm32f429i_discovery_ts.o
    0x20000028   0x00000028   Data   RW          825    .data               stmpe811.o
    0x20000050   0x00000002   Data   RW          827    .data               stmpe811.o
    0x20000052   0x00000002   PAD
    0x20000054   0x00000004   Data   RW         1070    .data               gui_x.o
    0x20000058   0x00000014   Data   RW         1374    .data               system_stm32f4xx.o
    0x2000006c   0x0000000a   Data   RW         1515    .data               main.o
    0x20000076   0x00000002   PAD
    0x20000078   0x00000004   Data   RW         1694    .data               delay.o
    0x2000007c   0x00000028   Data   RW         1758    .data               mstimer.o
    0x200000a4   0x00000068   Data   RW         1818    .data               time2.o
    0x2000010c   0x000000a8   Data   RW         1905    .data               gps.o
    0x200001b4   0x00000052   Data   RW         1961    .data               tfa.o
    0x20000206   0x00000002   PAD
    0x20000208   0x00000018   Data   RW         2013    .data               main_entry.o
    0x20000220   0x00000064   Data   RW         2093    .data               hub75.o
    0x20000284   0x00000004   Data   RW         2556    .data               stm32f4xx_hal.o
    0x20000288   0x00000008   Data   RW         5943    .data               STemWin528_CM4_Keil.lib(gui_alloc.o)
    0x20000290   0x0000002c   Data   RW         5993    .data               STemWin528_CM4_Keil.lib(gui_core.o)
    0x200002bc   0x00000004   Data   RW         5997    .data               STemWin528_CM4_Keil.lib(gui_core.o)
    0x200002c0   0x00000002   Data   RW         6001    .data               STemWin528_CM4_Keil.lib(gui_core.o)
    0x200002c2   0x00000002   PAD
    0x200002c4   0x00000004   Data   RW         6002    .data               STemWin528_CM4_Keil.lib(gui_core.o)
    0x200002c8   0x00000002   Data   RW         6003    .data               STemWin528_CM4_Keil.lib(gui_core.o)
    0x200002ca   0x00000002   Data   RW         6004    .data               STemWin528_CM4_Keil.lib(gui_core.o)
    0x200002cc   0x00000024   Data   RW         6054    .data               STemWin528_CM4_Keil.lib(gui_multibuf.o)
    0x200002f0   0x00000008   Data   RW         6075    .data               STemWin528_CM4_Keil.lib(gui_selectlayer.o)
    0x200002f8   0x00000004   Data   RW         6141    .data               STemWin528_CM4_Keil.lib(lcd.o)
    0x200002fc   0x00000010   Data   RW         6167    .data               STemWin528_CM4_Keil.lib(lcd_color.o)
    0x2000030c   0x0000000c   Data   RW         6538    .data               STemWin528_CM4_Keil.lib(gui_pid.o)
    0x20000318   0x00000064   Data   RW         6783    .data               STemWin528_CM4_Keil.lib(wm.o)
    0x2000037c   0x00000001   Data   RW         6784    .data               STemWin528_CM4_Keil.lib(wm.o)
    0x2000037d   0x00000003   PAD
    0x20000380   0x0000000c   Data   RW         6948    .data               STemWin528_CM4_Keil.lib(gui_waitevent.o)
    0x2000038c   0x00000004   Data   RW         7016    .data               STemWin528_CM4_Keil.lib(wm__sendmessage.o)
    0x20000390   0x0000000c   Data   RW         7058    .data               STemWin528_CM4_Keil.lib(wm_touch.o)
    0x2000039c   0x00000004   Data   RW         7603    .data               mc_w.l(errno.o)
    0x200003a0   0x0000009c   Zero   RW           28    .bss                stm32f429i_discovery.o
    0x2000043c   0x000000b8   Zero   RW          666    .bss                stm32f429i_discovery_sdram.o
    0x200004f4   0x00003234   Zero   RW         1172    .bss                lcdconf_stm32f429i_disco_mb1075.o
    0x20003728   0x0000003c   Zero   RW         1514    .bss                main.o
    0x20003764   0x0000003c   Zero   RW         1692    .bss                delay.o
    0x200037a0   0x00000078   Zero   RW         1755    .bss                mstimer.o
    0x20003818   0x00000854   Zero   RW         1853    .bss                uart.o
    0x2000406c   0x0000002c   Zero   RW         1902    .bss                gps.o
    0x20004098   0x00000098   Zero   RW         1959    .bss                tfa.o
    0x20004130   0x00004000   Zero   RW         2076    .bss                hub75.o
    0x20008130   0x000002c0   Zero   RW         2077    .bss                hub75.o
    0x200083f0   0x000000cc   Zero   RW         5942    .bss                STemWin528_CM4_Keil.lib(gui_alloc.o)
    0x200084bc   0x00000070   Zero   RW         5991    .bss                STemWin528_CM4_Keil.lib(gui_core.o)
    0x2000852c   0x0000000c   Zero   RW         6093    .bss                STemWin528_CM4_Keil.lib(gui_touch.o)
    0x20008538   0x00000048   Zero   RW         6537    .bss                STemWin528_CM4_Keil.lib(gui_pid.o)
    0x20008580   0x00000048   Zero   RW         7057    .bss                STemWin528_CM4_Keil.lib(wm_touch.o)
    0x200085c8   0x00000028   Zero   RW         7088    .bss                STemWin528_CM4_Keil.lib(gui_curs1.o)
    0x200085f0   0x00000018   Zero   RW         7328    .bss                STemWin528_CM4_Keil.lib(wm_pid__getprevstate.o)
    0x20008608   0x00001000   Zero   RW          785    STACK               startup_stm32f429xx.o


==============================================================================

Image component sizes


      Code (inc. data)   RO Data    RW Data    ZI Data      Debug   Object Name

         0          0          0          0          0        950   dcf77.o
       148         40          0          4         60       2472   delay.o
      1306         64          0        168         44       6094   gps.o
         2          0          0          4          0      49021   gui_x.o
      1896        186       8192        100      17088      10085   hub75.o
       100          6          0          0      12852       4001   lcdconf_stm32f429i_disco_mb1075.o
       360         32          0         10         60       4127   main.o
       322         44          0         24          0       2624   main_entry.o
       488         60          0         40        120       3227   mstimer.o
        36          8        428          0       4096        780   startup_stm32f429xx.o
       620         84          8         24        156     464853   stm32f429i_discovery.o
       588         52          0          0        184       2961   stm32f429i_discovery_sdram.o
       236         14          0         16          0       4036   stm32f429i_discovery_ts.o
       138         16          0          4          0       5069   stm32f4xx_hal.o
       228         16          0          0          0      31146   stm32f4xx_hal_cortex.o
       304         24          8          0          0       2580   stm32f4xx_hal_dma.o
       574         20          0          0          0       2820   stm32f4xx_hal_gpio.o
      2180         40          0          0          0      14748   stm32f4xx_hal_i2c.o
       754          4          0          0          0       4505   stm32f4xx_hal_ltdc.o
       156         10          0          0          0       1436   stm32f4xx_hal_pwr_ex.o
      1532         96         16          0          0       5960   stm32f4xx_hal_rcc.o
       150          0          0          0          0       3592   stm32f4xx_hal_sdram.o
      1706         28          0          0          0      15842   stm32f4xx_hal_tim.o
         4          0          0          0          0       1834   stm32f4xx_hal_tim_ex.o
        68         22          0          0          0       5130   stm32f4xx_it.o
       322          0          0          0          0       3948   stm32f4xx_ll_fmc.o
       602          6          0         42          0      12114   stmpe811.o
        88         24          0         20          0       1149   system_stm32f4xx.o
      1318         60          0         82        152       5746   tfa.o
       558         44          0        104          0       4859   time2.o
       144          8          0          0       2132       2195   uart.o

    ----------------------------------------------------------------------
     16958       1012       8684        648      36944     679904   Object Totals
         0          0         32          0          0          0   (incl. Generated)
        30          4          0          6          0          0   (incl. Padding)

    ----------------------------------------------------------------------

      Code (inc. data)   RO Data    RW Data    ZI Data      Debug   Library Member Name

         0          0       1816          0          0          0   f6x8.o
       102          0          0          0          0        128   gui__alpha.o
       292          0          0          0          0        124   gui__compactpixelindices.o
        58          0          0          0          0        116   gui__intersectrect.o
        82          0          0          0          0        128   gui__intersectrects.o
        76          0          0          0          0        124   gui__memset.o
      1546         88          0          8        204       2380   gui_alloc.o
       394         12          0          0          0        492   gui_charm.o
        16          6          0         58        112        116   gui_core.o
       112          6          0          0         40        140   gui_curs1.o
       228         16          0          0          0        592   gui_device.o
       160          0          0          0          0        248   gui_getbitmappixelindex.o
        88          0          0          0          0        124   gui_mergerect.o
        30          0          0          0          0        116   gui_moverect.o
        44          6          0         36          0        116   gui_multibuf.o
       264         38          0         12         72        744   gui_pid.o
        46          4          0          8          0        360   gui_selectlayer.o
        18          0          0          0          0        128   gui_selectlcd.o
      1806         20          0          0          0       1240   gui_sprite.o
        44          6          0          0         12        132   gui_touch.o
        16          4          0         12          0        116   gui_waitevent.o
       132         10          0          0          0        260   guidev.o
        36          0          0          0          0        128   guidev_usage.o
       828         62         12          4          0       1248   lcd.o
        76          4          0         16          0        248   lcd_color.o
        42          0          0          0          0        360   lcd_getex.o
        64         10          0          0          0        128   lcd_selectlcd.o
        88          0          0          0          0        264   lcd_set.o
        36          4          0          0          0        128   lcd_updatecolorindices.o
       884         32          0        101          0       2092   wm.o
        34          0          0          0          0        128   wm__isancestor.o
        22          0          0          0          0        124   wm__isenabled.o
        60          6          0          4          0        136   wm__sendmessage.o
        28          0          0          0          0        140   wm__sendmessageifenabled.o
        60         12          0          0          0        232   wm_criticalhandle.o
        32          0          0          0          0        128   wm_getclientrect.o
        20          4          0          0          0        116   wm_getdesktopwindowex.o
        14          0          0          0          0        124   wm_getfirstchild.o
        14          0          0          0          0        124   wm_getparent.o
         4          0          0          0          0        116   wm_iswindow.o
        24          6          0          0         24        116   wm_pid__getprevstate.o
       184          6          0          0          0        504   wm_screen2win.o
        30          0          0          0          0        140   wm_sendtoparent.o
        48          8          0          0          0        244   wm_setcapture.o
      1100         46          0         12         72        536   wm_touch.o
       164         44          0          0          0        620   dunder.o
        24          0          0          0          0        124   fabs.o
        48          0          0          0          0        124   fpclassify.o
       248          0          0          0          0        152   poly.o
      3152        296        136          0          0        352   pow.o
         0          0          8          0          0          0   qnan.o
       110          0          0          0          0        148   sqrt.o
        86          0          0          0          0          0   __dczerorl2.o
         0          0          0          0          0          0   entry.o
         0          0          0          0          0          0   entry10a.o
         0          0          0          0          0          0   entry11a.o
         8          4          0          0          0          0   entry2.o
         4          0          0          0          0          0   entry5.o
         0          0          0          0          0          0   entry7b.o
         0          0          0          0          0          0   entry8b.o
         8          4          0          0          0          0   entry9a.o
        12          6          0          4          0         68   errno.o
        30          0          0          0          0          0   handlers.o
        36          8          0          0          0         68   init.o
         0          0          0          0          0          0   iusefp.o
        30          0          0          0          0         68   llshl.o
        36          0          0          0          0         68   llsshr.o
        32          0          0          0          0         68   llushr.o
        26          0          0          0          0         80   memcmp.o
        64          0          0          0          0         76   memmovea.o
        36          0          0          0          0        108   memseta.o
        20          0          0          0          0         68   strchr.o
        14          0          0          0          0         68   strlen.o
        32          0          0          0          0         76   strpbrk.o
        36          0          0          0          0         80   strstr.o
        98          0          0          0          0         92   uldiv.o
        48          0          0          0          0         68   cdrcmple.o
        56          0          0          0          0         88   d2f.o
       334          0          0          0          0        148   dadd.o
       222          0          0          0          0        100   ddiv.o
       186          0          0          0          0        176   depilogue.o
        34          0          0          0          0         76   dflti.o
       228          0          0          0          0         96   dmul.o
        46          0          0          0          0         80   dscalb.o
       162          0          0          0          0        100   dsqrt.o
        38          0          0          0          0         68   f2d.o
       110          0          0          0          0        168   fepilogue.o

    ----------------------------------------------------------------------
     15134        778       1976        280        536      19104   Library Totals
        34          0          4          5          0          0   (incl. Padding)

    ----------------------------------------------------------------------

      Code (inc. data)   RO Data    RW Data    ZI Data      Debug   Library Name

      9282        416       1828        271        536      15428   STemWin528_CM4_Keil.lib
      3746        340        144          0          0       1520   m_wm.l
       608         22          0          4          0        988   mc_w.l
      1464          0          0          0          0       1168   mf_w.l

    ----------------------------------------------------------------------
     15134        778       1976        280        536      19104   Library Totals

    ----------------------------------------------------------------------

==============================================================================


      Code (inc. data)   RO Data    RW Data    ZI Data      Debug   

     32092       1790      10660        928      37480     672400   Grand Totals
     32092       1790      10660        196      37480     672400   ELF Image Totals (compressed)
     32092       1790      10660        196          0          0   ROM Totals

==============================================================================

    Total RO  Size (Code + RO Data)                42752 (  41.75kB)
    Total RW  Size (RW Data + ZI Data)             38408 (  37.51kB)
    Total ROM Size (Code + RO Data + RW Data)      42948 (  41.94kB)

==============================================================================

