<html>
<body>
<pre>
<h1>µVision Build Log</h1>
<h2>Tool Versions:</h2>
IDE-Version: µVision V5.20.0.0
Copyright (C) 2016 ARM Ltd and ARM Germany GmbH. All rights reserved.
License Information: Max E, Home, LIC=V8556-DL3M4-KSFYM-XRVW7-RS74H-0NY8R
 
Tool Versions:
Toolchain:       MDK-ARM Professional  Version: 5.20
Toolchain Path:  d:\Keil_v5\ARM\ARMCC\Bin
C Compiler:      Armcc.exe V5.06 update 2 (build 183)
Assembler:       Armasm.exe V5.06 update 2 (build 183)
Linker/Locator:  ArmLink.exe V5.06 update 2 (build 183)
Library Manager: ArmAr.exe V5.06 update 2 (build 183)
Hex Converter:   FromElf.exe V5.06 update 2 (build 183)
CPU DLL:         SARMCM3.DLL V5.20
Dialog DLL:      DCM.DLL V1.13.7.0
Target DLL:      STLink\ST-LINKIII-KEIL_SWO.dll V2.0.18.0
Dialog DLL:      TCM.DLL V1.14.9.0
 
<h2>Project:</h2>
D:\HUB75\HUB75\MDK-ARM\Project.uvprojx
Project File Date:  06/04/2016

<h2>Output:</h2>
*** Using Compiler 'V5.06 update 2 (build 183)', folder: 'd:\Keil_v5\ARM\ARMCC\Bin'
Rebuild target 'STM32F429I_DISCO_MB1075'
assembling startup_stm32f429xx.s...
compiling stmpe811.c...
compiling ili9341.c...
compiling GUI_X.c...
compiling GUIConf.c...
compiling system_stm32f4xx.c...
compiling BASIC_HelloWorld.c...
compiling stm32f429i_discovery_sdram.c...
compiling stm32f429i_discovery_io.c...
compiling stm32f429i_discovery_ts.c...
compiling stm32f429i_discovery.c...
compiling stm32f429i_discovery_lcd.c...
compiling time2.c...
..\Src\time2.c(103): warning:  #1166-D: returning pointer to local variable
  	return &tm;
..\Src\time2.c: 1 warning, 0 errors
compiling LCDConf_stm32f429i_disco_MB1075.c...
compiling mstimer.c...
compiling delay.c...
..\Src\delay.c(8): warning:  #177-D: variable "uScounter" was declared but never referenced
  static unsigned int uScounter = 0;
..\Src\delay.c: 1 warning, 0 errors
compiling stm32f4xx_it.c...
compiling dcf77.c...
compiling uart.c...
compiling main.c...
..\Src\main.c(78): warning:  #9-D: nested comment is not allowed
    /* Set TIMx instance */
..\Src\main.c(81): warning:  #9-D: nested comment is not allowed
    /* Initialize TIM3 peripheral as follows:
..\Src\main.c(98): warning:  #9-D: nested comment is not allowed
    /*##-2- Start the TIM Base generation in interrupt mode ####################*/
..\Src\main.c(107): warning:  #9-D: nested comment is not allowed
    /***********************************************************/
..\Src\main.c(113): warning:  #9-D: nested comment is not allowed
    /* Activate the use of memory device feature */
..\Src\main.c: 5 warnings, 0 errors
compiling gps.c...
..\Src\gps.c(119): warning:  #550-D: variable "dst" was set but never used
  	char dst;
..\Src\gps.c(117): warning:  #177-D: function "testDST" was declared but never referenced
  static void testDST(void) {
..\Src\gps.c: 2 warnings, 0 errors
compiling stm32f4xx_hal.c...
compiling tfa.c...
compiling stm32f4xx_hal_i2s.c...
compiling main_entry.c...
..\Src\main_entry.c(123): warning:  #9-D: nested comment is not allowed
  	/*GUI_DispStringAt("DCF77", x, y);
..\Src\main_entry.c(176): warning:  #9-D: nested comment is not allowed
  	/*sprintf(str, "Last good night: %i      ", last_good_night);
..\Src\main_entry.c(75): warning:  #177-D: variable "x" was declared but never referenced
    int x = 20, y = 20;
..\Src\main_entry.c(75): warning:  #177-D: variable "y" was declared but never referenced
    int x = 20, y = 20;
..\Src\main_entry.c(76): warning:  #177-D: variable "dy" was declared but never referenced
  	const int dy = 20;
..\Src\main_entry.c(77): warning:  #177-D: variable "str" was declared but never referenced
  	char str[255];
..\Src\main_entry.c: 6 warnings, 0 errors
compiling hub75.c...
..\Src\hub75.c(368): warning:  #177-D: function "hubTestBmp2" was declared but never referenced
  static  void hubTestBmp2(void) {
..\Src\hub75.c(376): warning:  #177-D: function "hubTestBmp2H" was declared but never referenced
  static  void hubTestBmp2H(void) {
..\Src\hub75.c: 2 warnings, 0 errors
compiling stm32f4xx_hal_i2c.c...
compiling stm32f4xx_hal_tim.c...
compiling stm32f4xx_hal_i2c_ex.c...
compiling stm32f4xx_hal_flash_ex.c...
compiling stm32f4xx_hal_dma2d.c...
compiling stm32f4xx_hal_rcc_ex.c...
compiling stm32f4xx_hal_pwr.c...
compiling stm32f4xx_hal_i2s_ex.c...
compiling stm32f4xx_ll_fmc.c...
compiling stm32f4xx_hal_gpio.c...
compiling stm32f4xx_hal_sdram.c...
compiling stm32f4xx_hal_spi.c...
compiling stm32f4xx_hal_ltdc.c...
compiling stm32f4xx_hal_flash.c...
compiling stm32f4xx_hal_rcc.c...
compiling stm32f4xx_hal_tim_ex.c...
compiling stm32f4xx_hal_crc.c...
compiling stm32f4xx_hal_cortex.c...
compiling stm32f4xx_hal_pwr_ex.c...
compiling stm32f4xx_hal_dma.c...
compiling stm32f4xx_hal_uart.c...
linking...
Program Size: Code=32092 RO-data=10660 RW-data=928 ZI-data=37480  
"STM32F429I_DISCO_MB1075\STM32F429I_DISCO_MB1075.axf" - 0 Error(s), 17 Warning(s).

<h2>Software Packages used:</h2>

Package Vendor: ARM
                http://www.keil.com/pack/ARM.CMSIS.4.5.0.pack
                ARM::CMSIS:CORE:4.3.0
                CMSIS (Cortex Microcontroller Software Interface Standard)
   * Component: CORE Version: 4.3.0

<h2>Collection of Component include folders:</h2>
  D:\HUB75\HUB75\MDK-ARM\RTE
  d:\Keil_v5\ARM\PACK\ARM\CMSIS\4.5.0\CMSIS\Include
  d:\Keil_v5\ARM\PACK\Keil\STM32F4xx_DFP\2.7.0\Drivers\CMSIS\Device\ST\STM32F4xx\Include

<h2>Collection of Component Files used:</h2>

   * Component: ARM::CMSIS:CORE:4.3.0
Build Time Elapsed:  00:00:12
</pre>
</body>
</html>
