<html>
<body>
<pre>
<h1>µVision Build Log</h1>
<h2>Tool Versions:</h2>
IDE-Version: µVision V5.20.0.0
Copyright (C) 2016 ARM Ltd and ARM Germany GmbH. All rights reserved.
License Information: Max E, Home, LIC=V8556-DL3M4-KSFYM-XRVW7-RS74H-0NY8R
 
Tool Versions:
Toolchain:       MDK-ARM Professional  Version: 5.20
Toolchain Path:  d:\Keil_v5\ARM\ARMCC\Bin
C Compiler:      Armcc.exe V5.06 update 2 (build 183)
Assembler:       Armasm.exe V5.06 update 2 (build 183)
Linker/Locator:  ArmLink.exe V5.06 update 2 (build 183)
Library Manager: ArmAr.exe V5.06 update 2 (build 183)
Hex Converter:   FromElf.exe V5.06 update 2 (build 183)
CPU DLL:         SARMCM3.DLL V5.20
Dialog DLL:      DCM.DLL V1.13.7.0
Target DLL:      STLink\ST-LINKIII-KEIL_SWO.dll V2.0.18.0
Dialog DLL:      TCM.DLL V1.14.9.0
 
<h2>Project:</h2>
D:\HUB75\HUB75\MDK-ARM\Project.uvprojx
Project File Date:  06/19/2016

<h2>Output:</h2>
*** Using Compiler 'V5.06 update 2 (build 183)', folder: 'd:\Keil_v5\ARM\ARMCC\Bin'
Rebuild target 'STM32F429I_DISCO_MB1075'
assembling startup_stm32f429xx.s...
compiling ili9341.c...
compiling stmpe811.c...
compiling GUI_X.c...
compiling GUIConf.c...
compiling system_stm32f4xx.c...
compiling BASIC_HelloWorld.c...
compiling stm32f429i_discovery_io.c...
compiling stm32f429i_discovery_ts.c...
compiling stm32f429i_discovery.c...
compiling stm32f429i_discovery_sdram.c...
compiling stm32f429i_discovery_lcd.c...
compiling LCDConf_stm32f429i_disco_MB1075.c...
compiling delay.c...
..\Src\delay.c(8): warning:  #177-D: variable "uScounter" was declared but never referenced
  static unsigned int uScounter = 0;
..\Src\delay.c: 1 warning, 0 errors
compiling mstimer.c...
compiling hub75.c...
compiling main_entry.c...
..\Src\main_entry.c(66): warning:  #177-D: variable "x" was declared but never referenced
    int x = 20, y = 20;
..\Src\main_entry.c(66): warning:  #177-D: variable "y" was declared but never referenced
    int x = 20, y = 20;
..\Src\main_entry.c(67): warning:  #177-D: variable "dy" was declared but never referenced
  	const int dy = 20;
..\Src\main_entry.c(68): warning:  #177-D: variable "str" was declared but never referenced
  	char str[255];
..\Src\main_entry.c: 4 warnings, 0 errors
compiling stm32f4xx_it.c...
compiling main.c...
..\Src\main.c(78): warning:  #9-D: nested comment is not allowed
    /* Set TIMx instance */
..\Src\main.c(81): warning:  #9-D: nested comment is not allowed
    /* Initialize TIM3 peripheral as follows:
..\Src\main.c(98): warning:  #9-D: nested comment is not allowed
    /*##-2- Start the TIM Base generation in interrupt mode ####################*/
..\Src\main.c(107): warning:  #9-D: nested comment is not allowed
    /***********************************************************/
..\Src\main.c(113): warning:  #9-D: nested comment is not allowed
    /* Activate the use of memory device feature */
..\Src\main.c: 5 warnings, 0 errors
compiling stm32f4xx_hal_i2c.c...
compiling stm32f4xx_hal.c...
compiling stm32f4xx_hal_i2c_ex.c...
compiling stm32f4xx_hal_flash_ex.c...
compiling stm32f4xx_hal_i2s.c...
compiling stm32f4xx_hal_i2s_ex.c...
compiling stm32f4xx_hal_rcc_ex.c...
compiling stm32f4xx_hal_tim.c...
compiling stm32f4xx_hal_dma2d.c...
compiling stm32f4xx_ll_fmc.c...
compiling stm32f4xx_hal_pwr.c...
compiling stm32f4xx_hal_gpio.c...
compiling stm32f4xx_hal_flash.c...
compiling stm32f4xx_hal_ltdc.c...
compiling stm32f4xx_hal_spi.c...
compiling stm32f4xx_hal_rcc.c...
compiling stm32f4xx_hal_pwr_ex.c...
compiling stm32f4xx_hal_cortex.c...
compiling stm32f4xx_hal_sdram.c...
compiling stm32f4xx_hal_tim_ex.c...
compiling stm32f4xx_hal_crc.c...
compiling stm32f4xx_hal_uart.c...
compiling stm32f4xx_hal_dma.c...
linking...
Program Size: Code=28594 RO-data=10662 RW-data=568 ZI-data=35152  
"STM32F429I_DISCO_MB1075\STM32F429I_DISCO_MB1075.axf" - 0 Error(s), 10 Warning(s).

<h2>Software Packages used:</h2>

Package Vendor: ARM
                http://www.keil.com/pack/ARM.CMSIS.4.5.0.pack
                ARM::CMSIS:CORE:4.3.0
                CMSIS (Cortex Microcontroller Software Interface Standard)
   * Component: CORE Version: 4.3.0

<h2>Collection of Component include folders:</h2>
  D:\HUB75\HUB75\MDK-ARM\RTE
  d:\Keil_v5\ARM\PACK\ARM\CMSIS\4.5.0\CMSIS\Include
  d:\Keil_v5\ARM\PACK\Keil\STM32F4xx_DFP\2.7.0\Drivers\CMSIS\Device\ST\STM32F4xx\Include

<h2>Collection of Component Files used:</h2>

   * Component: ARM::CMSIS:CORE:4.3.0
Build Time Elapsed:  00:00:09
</pre>
</body>
</html>
